<?xml version="1.0"?>
<link_info>
   <banner>TMS320C2000 Linker PC v17.6.0.STS</banner>
   <copyright>Copyright (c) 1996-2017 Texas Instruments Incorporated</copyright>
   <link_time>0x5c0ff016</link_time>
   <link_errors>0x0</link_errors>
   <output_file>Lab9.out</output_file>
   <entry_point>
      <name>_c_int00</name>
      <address>0x8bdeb</address>
   </entry_point>
   <input_file_list>
      <input_file id="fl-2">
         <path>.\</path>
         <kind>object</kind>
         <file>F2837xS_Adc.obj</file>
         <name>F2837xS_Adc.obj</name>
      </input_file>
      <input_file id="fl-3">
         <path>.\</path>
         <kind>object</kind>
         <file>F2837xS_CodeStartBranch.obj</file>
         <name>F2837xS_CodeStartBranch.obj</name>
      </input_file>
      <input_file id="fl-4">
         <path>.\</path>
         <kind>object</kind>
         <file>F2837xS_EPwm.obj</file>
         <name>F2837xS_EPwm.obj</name>
      </input_file>
      <input_file id="fl-5">
         <path>.\</path>
         <kind>object</kind>
         <file>F2837xS_GlobalVariableDefs.obj</file>
         <name>F2837xS_GlobalVariableDefs.obj</name>
      </input_file>
      <input_file id="fl-6">
         <path>.\</path>
         <kind>object</kind>
         <file>F2837xS_Gpio.obj</file>
         <name>F2837xS_Gpio.obj</name>
      </input_file>
      <input_file id="fl-7">
         <path>.\</path>
         <kind>object</kind>
         <file>F2837xS_Spi.obj</file>
         <name>F2837xS_Spi.obj</name>
      </input_file>
      <input_file id="fl-8">
         <path>.\</path>
         <kind>object</kind>
         <file>F2837xS_SysCtrl.obj</file>
         <name>F2837xS_SysCtrl.obj</name>
      </input_file>
      <input_file id="fl-9">
         <path>.\</path>
         <kind>object</kind>
         <file>F2837xS_usDelay.obj</file>
         <name>F2837xS_usDelay.obj</name>
      </input_file>
      <input_file id="fl-a">
         <path>.\</path>
         <kind>object</kind>
         <file>f28377sADC.obj</file>
         <name>f28377sADC.obj</name>
      </input_file>
      <input_file id="fl-b">
         <path>.\</path>
         <kind>object</kind>
         <file>f28377sCoecsl.obj</file>
         <name>f28377sCoecsl.obj</name>
      </input_file>
      <input_file id="fl-c">
         <path>.\</path>
         <kind>object</kind>
         <file>f28377sDAC.obj</file>
         <name>f28377sDAC.obj</name>
      </input_file>
      <input_file id="fl-d">
         <path>.\</path>
         <kind>object</kind>
         <file>f28377sEPWM3A.obj</file>
         <name>f28377sEPWM3A.obj</name>
      </input_file>
      <input_file id="fl-e">
         <path>.\</path>
         <kind>object</kind>
         <file>f28377sEqep.obj</file>
         <name>f28377sEqep.obj</name>
      </input_file>
      <input_file id="fl-f">
         <path>.\</path>
         <kind>object</kind>
         <file>f28377sSerial.obj</file>
         <name>f28377sSerial.obj</name>
      </input_file>
      <input_file id="fl-10">
         <path>.\</path>
         <kind>object</kind>
         <file>lcd.obj</file>
         <name>lcd.obj</name>
      </input_file>
      <input_file id="fl-11">
         <path>.\</path>
         <kind>object</kind>
         <file>user_Lab9.obj</file>
         <name>user_Lab9.obj</name>
      </input_file>
      <input_file id="fl-13">
         <path>C:\ayush2\repo\trunk\Lab9_oversample\Lab9Project\Debug\configPkg\package\cfg\</path>
         <kind>object</kind>
         <file>Lab9_p28FP.o28FP</file>
         <name>Lab9_p28FP.o28FP</name>
      </input_file>
      <input_file id="fl-1e">
         <kind>object</kind>
         <file>&lt;internal&gt;</file>
         <name>&lt;internal&gt;</name>
      </input_file>
      <input_file id="fl-1f">
         <path>C:\ayush2\repo\trunk\Lab9_oversample\src\sysbios\</path>
         <kind>archive</kind>
         <file>sysbios.a28FP</file>
         <name>BIOS.obj</name>
      </input_file>
      <input_file id="fl-20">
         <path>C:\ayush2\repo\trunk\Lab9_oversample\src\sysbios\</path>
         <kind>archive</kind>
         <file>sysbios.a28FP</file>
         <name>c28_Hwi_asm.obj</name>
      </input_file>
      <input_file id="fl-21">
         <path>C:\ayush2\repo\trunk\Lab9_oversample\src\sysbios\</path>
         <kind>archive</kind>
         <file>sysbios.a28FP</file>
         <name>c28_Hwi_disp_asm.obj</name>
      </input_file>
      <input_file id="fl-22">
         <path>C:\ayush2\repo\trunk\Lab9_oversample\src\sysbios\</path>
         <kind>archive</kind>
         <file>sysbios.a28FP</file>
         <name>c28_IntrinsicsSupport_asm.obj</name>
      </input_file>
      <input_file id="fl-23">
         <path>C:\ayush2\repo\trunk\Lab9_oversample\src\sysbios\</path>
         <kind>archive</kind>
         <file>sysbios.a28FP</file>
         <name>c28_TaskSupport_asm.obj</name>
      </input_file>
      <input_file id="fl-24">
         <path>C:\CCStudio_v8\tirtos_c2000_2_16_01_14\products\bios_6_45_02_31\packages\ti\targets\rts2800\lib\</path>
         <kind>archive</kind>
         <file>ti.targets.rts2800.a28FP</file>
         <name>Assert.o28FP</name>
      </input_file>
      <input_file id="fl-25">
         <path>C:\CCStudio_v8\tirtos_c2000_2_16_01_14\products\bios_6_45_02_31\packages\ti\targets\rts2800\lib\</path>
         <kind>archive</kind>
         <file>ti.targets.rts2800.a28FP</file>
         <name>Core-mem.o28FP</name>
      </input_file>
      <input_file id="fl-26">
         <path>C:\CCStudio_v8\tirtos_c2000_2_16_01_14\products\bios_6_45_02_31\packages\ti\targets\rts2800\lib\</path>
         <kind>archive</kind>
         <file>ti.targets.rts2800.a28FP</file>
         <name>Core-smem.o28FP</name>
      </input_file>
      <input_file id="fl-27">
         <path>C:\CCStudio_v8\tirtos_c2000_2_16_01_14\products\bios_6_45_02_31\packages\ti\targets\rts2800\lib\</path>
         <kind>archive</kind>
         <file>ti.targets.rts2800.a28FP</file>
         <name>Core-label.o28FP</name>
      </input_file>
      <input_file id="fl-28">
         <path>C:\CCStudio_v8\tirtos_c2000_2_16_01_14\products\bios_6_45_02_31\packages\ti\targets\rts2800\lib\</path>
         <kind>archive</kind>
         <file>ti.targets.rts2800.a28FP</file>
         <name>Core-params.o28FP</name>
      </input_file>
      <input_file id="fl-29">
         <path>C:\CCStudio_v8\tirtos_c2000_2_16_01_14\products\bios_6_45_02_31\packages\ti\targets\rts2800\lib\</path>
         <kind>archive</kind>
         <file>ti.targets.rts2800.a28FP</file>
         <name>Error.o28FP</name>
      </input_file>
      <input_file id="fl-2a">
         <path>C:\CCStudio_v8\tirtos_c2000_2_16_01_14\products\bios_6_45_02_31\packages\ti\targets\rts2800\lib\</path>
         <kind>archive</kind>
         <file>ti.targets.rts2800.a28FP</file>
         <name>Gate.o28FP</name>
      </input_file>
      <input_file id="fl-2b">
         <path>C:\CCStudio_v8\tirtos_c2000_2_16_01_14\products\bios_6_45_02_31\packages\ti\targets\rts2800\lib\</path>
         <kind>archive</kind>
         <file>ti.targets.rts2800.a28FP</file>
         <name>LoggerBuf.o28FP</name>
      </input_file>
      <input_file id="fl-2c">
         <path>C:\CCStudio_v8\tirtos_c2000_2_16_01_14\products\bios_6_45_02_31\packages\ti\targets\rts2800\lib\</path>
         <kind>archive</kind>
         <file>ti.targets.rts2800.a28FP</file>
         <name>Memory.o28FP</name>
      </input_file>
      <input_file id="fl-2d">
         <path>C:\CCStudio_v8\tirtos_c2000_2_16_01_14\products\bios_6_45_02_31\packages\ti\targets\rts2800\lib\</path>
         <kind>archive</kind>
         <file>ti.targets.rts2800.a28FP</file>
         <name>Startup.o28FP</name>
      </input_file>
      <input_file id="fl-2e">
         <path>C:\CCStudio_v8\tirtos_c2000_2_16_01_14\products\bios_6_45_02_31\packages\ti\targets\rts2800\lib\</path>
         <kind>archive</kind>
         <file>ti.targets.rts2800.a28FP</file>
         <name>System.o28FP</name>
      </input_file>
      <input_file id="fl-2f">
         <path>C:\CCStudio_v8\tirtos_c2000_2_16_01_14\products\bios_6_45_02_31\packages\ti\targets\rts2800\lib\</path>
         <kind>archive</kind>
         <file>ti.targets.rts2800.a28FP</file>
         <name>SysMin.o28FP</name>
      </input_file>
      <input_file id="fl-30">
         <path>C:\CCStudio_v8\tirtos_c2000_2_16_01_14\products\bios_6_45_02_31\packages\ti\targets\rts2800\lib\</path>
         <kind>archive</kind>
         <file>ti.targets.rts2800.a28FP</file>
         <name>Text.o28FP</name>
      </input_file>
      <input_file id="fl-31">
         <path>C:\CCStudio_v8\tirtos_c2000_2_16_01_14\products\bios_6_45_02_31\packages\ti\targets\rts2800\lib\</path>
         <kind>archive</kind>
         <file>ti.targets.rts2800.a28FP</file>
         <name>xdc_noinit.o28FP</name>
      </input_file>
      <input_file id="fl-32">
         <path>C:\CCStudio_v8\tirtos_c2000_2_16_01_14\products\bios_6_45_02_31\packages\ti\targets\rts2800\lib\</path>
         <kind>archive</kind>
         <file>ti.targets.rts2800.a28FP</file>
         <name>Log.o28FP</name>
      </input_file>
      <input_file id="fl-33">
         <path>C:\CCStudio_v8\tirtos_c2000_2_16_01_14\products\bios_6_45_02_31\packages\ti\targets\rts2800\lib\</path>
         <kind>archive</kind>
         <file>ti.targets.rts2800.a28FP</file>
         <name>Registry.o28FP</name>
      </input_file>
      <input_file id="fl-34">
         <path>C:\CCStudio_v8\tirtos_c2000_2_16_01_14\products\bios_6_45_02_31\packages\ti\targets\rts2800\lib\</path>
         <kind>archive</kind>
         <file>boot.a28FP</file>
         <name>boot_cg.o28FP</name>
      </input_file>
      <input_file id="fl-35">
         <path>C:\CCStudio_v8\tirtos_c2000_2_16_01_14\products\bios_6_45_02_31\packages\ti\catalog\c2800\initF2837x\lib\</path>
         <kind>archive</kind>
         <file>Boot.a28FP</file>
         <name>Boot.o28FP</name>
      </input_file>
      <input_file id="fl-41">
         <path>C:\CCStudio_v8\ccsv8\tools\compiler\ti-cgt-c2000_17.6.0.STS\lib\</path>
         <kind>archive</kind>
         <file>rts2800_fpu32.lib</file>
         <name>fd_add28.obj</name>
      </input_file>
      <input_file id="fl-42">
         <path>C:\CCStudio_v8\ccsv8\tools\compiler\ti-cgt-c2000_17.6.0.STS\lib\</path>
         <kind>archive</kind>
         <file>rts2800_fpu32.lib</file>
         <name>fd_cmp28.obj</name>
      </input_file>
      <input_file id="fl-43">
         <path>C:\CCStudio_v8\ccsv8\tools\compiler\ti-cgt-c2000_17.6.0.STS\lib\</path>
         <kind>archive</kind>
         <file>rts2800_fpu32.lib</file>
         <name>fd_div28.obj</name>
      </input_file>
      <input_file id="fl-44">
         <path>C:\CCStudio_v8\ccsv8\tools\compiler\ti-cgt-c2000_17.6.0.STS\lib\</path>
         <kind>archive</kind>
         <file>rts2800_fpu32.lib</file>
         <name>fd_mpy28.obj</name>
      </input_file>
      <input_file id="fl-45">
         <path>C:\CCStudio_v8\ccsv8\tools\compiler\ti-cgt-c2000_17.6.0.STS\lib\</path>
         <kind>archive</kind>
         <file>rts2800_fpu32.lib</file>
         <name>fd_neg28.obj</name>
      </input_file>
      <input_file id="fl-46">
         <path>C:\CCStudio_v8\ccsv8\tools\compiler\ti-cgt-c2000_17.6.0.STS\lib\</path>
         <kind>archive</kind>
         <file>rts2800_fpu32.lib</file>
         <name>fd_sub28.obj</name>
      </input_file>
      <input_file id="fl-47">
         <path>C:\CCStudio_v8\ccsv8\tools\compiler\ti-cgt-c2000_17.6.0.STS\lib\</path>
         <kind>archive</kind>
         <file>rts2800_fpu32.lib</file>
         <name>fd_tol28.obj</name>
      </input_file>
      <input_file id="fl-48">
         <path>C:\CCStudio_v8\ccsv8\tools\compiler\ti-cgt-c2000_17.6.0.STS\lib\</path>
         <kind>archive</kind>
         <file>rts2800_fpu32.lib</file>
         <name>fs_div28.obj</name>
      </input_file>
      <input_file id="fl-49">
         <path>C:\CCStudio_v8\ccsv8\tools\compiler\ti-cgt-c2000_17.6.0.STS\lib\</path>
         <kind>archive</kind>
         <file>rts2800_fpu32.lib</file>
         <name>ll_div28.obj</name>
      </input_file>
      <input_file id="fl-4a">
         <path>C:\CCStudio_v8\ccsv8\tools\compiler\ti-cgt-c2000_17.6.0.STS\lib\</path>
         <kind>archive</kind>
         <file>rts2800_fpu32.lib</file>
         <name>i_div28.obj</name>
      </input_file>
      <input_file id="fl-4b">
         <path>C:\CCStudio_v8\ccsv8\tools\compiler\ti-cgt-c2000_17.6.0.STS\lib\</path>
         <kind>archive</kind>
         <file>rts2800_fpu32.lib</file>
         <name>u_div28.obj</name>
      </input_file>
      <input_file id="fl-4c">
         <path>C:\CCStudio_v8\ccsv8\tools\compiler\ti-cgt-c2000_17.6.0.STS\lib\</path>
         <kind>archive</kind>
         <file>rts2800_fpu32.lib</file>
         <name>l_div28.obj</name>
      </input_file>
      <input_file id="fl-4d">
         <path>C:\CCStudio_v8\ccsv8\tools\compiler\ti-cgt-c2000_17.6.0.STS\lib\</path>
         <kind>archive</kind>
         <file>rts2800_fpu32.lib</file>
         <name>fs_tofdfpu32.obj</name>
      </input_file>
      <input_file id="fl-4e">
         <path>C:\CCStudio_v8\ccsv8\tools\compiler\ti-cgt-c2000_17.6.0.STS\lib\</path>
         <kind>archive</kind>
         <file>rts2800_fpu32.lib</file>
         <name>fd_tofsfpu32.obj</name>
      </input_file>
      <input_file id="fl-4f">
         <path>C:\CCStudio_v8\ccsv8\tools\compiler\ti-cgt-c2000_17.6.0.STS\lib\</path>
         <kind>archive</kind>
         <file>rts2800_fpu32.lib</file>
         <name>cpy_tbl.obj</name>
      </input_file>
      <input_file id="fl-50">
         <path>C:\CCStudio_v8\ccsv8\tools\compiler\ti-cgt-c2000_17.6.0.STS\lib\</path>
         <kind>archive</kind>
         <file>rts2800_fpu32.lib</file>
         <name>memcpy.obj</name>
      </input_file>
      <input_file id="fl-51">
         <path>C:\CCStudio_v8\ccsv8\tools\compiler\ti-cgt-c2000_17.6.0.STS\lib\</path>
         <kind>archive</kind>
         <file>rts2800_fpu32.lib</file>
         <name>exit.obj</name>
      </input_file>
      <input_file id="fl-52">
         <path>C:\CCStudio_v8\ccsv8\tools\compiler\ti-cgt-c2000_17.6.0.STS\lib\</path>
         <kind>archive</kind>
         <file>rts2800_fpu32.lib</file>
         <name>_lock.obj</name>
      </input_file>
      <input_file id="fl-53">
         <path>C:\CCStudio_v8\ccsv8\tools\compiler\ti-cgt-c2000_17.6.0.STS\lib\</path>
         <kind>archive</kind>
         <file>rts2800_fpu32.lib</file>
         <name>args_main.obj</name>
      </input_file>
      <input_file id="fl-54">
         <path>C:\CCStudio_v8\ccsv8\tools\compiler\ti-cgt-c2000_17.6.0.STS\lib\</path>
         <kind>archive</kind>
         <file>rts2800_fpu32.lib</file>
         <name>memset.obj</name>
      </input_file>
      <input_file id="fl-55">
         <path>C:\CCStudio_v8\ccsv8\tools\compiler\ti-cgt-c2000_17.6.0.STS\lib\</path>
         <kind>archive</kind>
         <file>rts2800_fpu32.lib</file>
         <name>strcmp.obj</name>
      </input_file>
      <input_file id="fl-56">
         <path>C:\CCStudio_v8\ccsv8\tools\compiler\ti-cgt-c2000_17.6.0.STS\lib\</path>
         <kind>archive</kind>
         <file>rts2800_fpu32.lib</file>
         <name>strlen.obj</name>
      </input_file>
      <input_file id="fl-57">
         <path>C:\CCStudio_v8\ccsv8\tools\compiler\ti-cgt-c2000_17.6.0.STS\lib\</path>
         <kind>archive</kind>
         <file>rts2800_fpu32.lib</file>
         <name>hostwrite.obj</name>
      </input_file>
      <input_file id="fl-58">
         <path>C:\CCStudio_v8\ccsv8\tools\compiler\ti-cgt-c2000_17.6.0.STS\lib\</path>
         <kind>archive</kind>
         <file>rts2800_fpu32.lib</file>
         <name>trgmsg.obj</name>
      </input_file>
      <input_file id="fl-59">
         <path>C:\CCStudio_v8\ccsv8\tools\compiler\ti-cgt-c2000_17.6.0.STS\lib\</path>
         <kind>archive</kind>
         <file>rts2800_fpu32.lib</file>
         <name>vsprintf.obj</name>
      </input_file>
      <input_file id="fl-5a">
         <path>C:\CCStudio_v8\ccsv8\tools\compiler\ti-cgt-c2000_17.6.0.STS\lib\</path>
         <kind>archive</kind>
         <file>rts2800_fpu32.lib</file>
         <name>_printfi.obj</name>
      </input_file>
      <input_file id="fl-5b">
         <path>C:\CCStudio_v8\ccsv8\tools\compiler\ti-cgt-c2000_17.6.0.STS\lib\</path>
         <kind>archive</kind>
         <file>rts2800_fpu32.lib</file>
         <name>atoi.obj</name>
      </input_file>
      <input_file id="fl-5c">
         <path>C:\CCStudio_v8\ccsv8\tools\compiler\ti-cgt-c2000_17.6.0.STS\lib\</path>
         <kind>archive</kind>
         <file>rts2800_fpu32.lib</file>
         <name>ctype.obj</name>
      </input_file>
      <input_file id="fl-5d">
         <path>C:\CCStudio_v8\ccsv8\tools\compiler\ti-cgt-c2000_17.6.0.STS\lib\</path>
         <kind>archive</kind>
         <file>rts2800_fpu32.lib</file>
         <name>ltoa.obj</name>
      </input_file>
      <input_file id="fl-5e">
         <path>C:\CCStudio_v8\ccsv8\tools\compiler\ti-cgt-c2000_17.6.0.STS\lib\</path>
         <kind>archive</kind>
         <file>rts2800_fpu32.lib</file>
         <name>memccpy.obj</name>
      </input_file>
      <input_file id="fl-5f">
         <path>C:\CCStudio_v8\ccsv8\tools\compiler\ti-cgt-c2000_17.6.0.STS\lib\</path>
         <kind>archive</kind>
         <file>rts2800_fpu32.lib</file>
         <name>strchr.obj</name>
      </input_file>
      <input_file id="fl-60">
         <path>C:\CCStudio_v8\ccsv8\tools\compiler\ti-cgt-c2000_17.6.0.STS\lib\</path>
         <kind>archive</kind>
         <file>rts2800_fpu32.lib</file>
         <name>strcpy.obj</name>
      </input_file>
      <input_file id="fl-61">
         <path>C:\CCStudio_v8\ccsv8\tools\compiler\ti-cgt-c2000_17.6.0.STS\lib\</path>
         <kind>archive</kind>
         <file>rts2800_fpu32.lib</file>
         <name>hostopen.obj</name>
      </input_file>
      <input_file id="fl-62">
         <path>C:\CCStudio_v8\ccsv8\tools\compiler\ti-cgt-c2000_17.6.0.STS\lib\</path>
         <kind>archive</kind>
         <file>rts2800_fpu32.lib</file>
         <name>s_frexp.obj</name>
      </input_file>
      <input_file id="fl-63">
         <path>C:\CCStudio_v8\ccsv8\tools\compiler\ti-cgt-c2000_17.6.0.STS\lib\</path>
         <kind>archive</kind>
         <file>rts2800_fpu32.lib</file>
         <name>s_scalbn.obj</name>
      </input_file>
      <input_file id="fl-64">
         <path>C:\CCStudio_v8\ccsv8\tools\compiler\ti-cgt-c2000_17.6.0.STS\lib\</path>
         <kind>archive</kind>
         <file>rts2800_fpu32.lib</file>
         <name>fd_toi28.obj</name>
      </input_file>
      <input_file id="fl-65">
         <path>C:\CCStudio_v8\ccsv8\tools\compiler\ti-cgt-c2000_17.6.0.STS\lib\</path>
         <kind>archive</kind>
         <file>rts2800_fpu32.lib</file>
         <name>ll_aox28.obj</name>
      </input_file>
      <input_file id="fl-66">
         <path>C:\CCStudio_v8\ccsv8\tools\compiler\ti-cgt-c2000_17.6.0.STS\lib\</path>
         <kind>archive</kind>
         <file>rts2800_fpu32.lib</file>
         <name>ll_cmp28.obj</name>
      </input_file>
      <input_file id="fl-67">
         <path>C:\CCStudio_v8\ccsv8\tools\compiler\ti-cgt-c2000_17.6.0.STS\lib\</path>
         <kind>archive</kind>
         <file>rts2800_fpu32.lib</file>
         <name>i_tofd28.obj</name>
      </input_file>
      <input_file id="fl-68">
         <path>C:\CCStudio_v8\ccsv8\tools\compiler\ti-cgt-c2000_17.6.0.STS\lib\</path>
         <kind>archive</kind>
         <file>rts2800_fpu32.lib</file>
         <name>l_tofd28.obj</name>
      </input_file>
      <input_file id="fl-69">
         <path>C:\CCStudio_v8\ccsv8\tools\compiler\ti-cgt-c2000_17.6.0.STS\lib\</path>
         <kind>archive</kind>
         <file>rts2800_fpu32.lib</file>
         <name>errno.obj</name>
      </input_file>
      <input_file id="fl-6a">
         <path>C:\CCStudio_v8\ccsv8\tools\compiler\ti-cgt-c2000_17.6.0.STS\lib\</path>
         <kind>archive</kind>
         <file>rts2800_fpu32.lib</file>
         <name>s_copysign.obj</name>
      </input_file>
   </input_file_list>
   <object_component_list>
      <object_component id="oc-3ae">
         <name>.text:ti_catalog_c2800_initF2837x_flashfuncs:_ti_catalog_c2800_initF2837x_Boot_initFlash</name>
         <load_address>0x801be</load_address>
         <run_address>0xb000</run_address>
         <size>0x27</size>
         <input_file_ref idref="fl-35"/>
      </object_component>
      <object_component id="oc-13c">
         <name>xdc.meta</name>
         <load_address>0x0</load_address>
         <run_address>0x0</run_address>
         <size>0xea</size>
         <input_file_ref idref="fl-13"/>
      </object_component>
      <object_component id="oc-139">
         <name>.cinit</name>
         <load_address>0x801e5</load_address>
         <run_address>0x801e5</run_address>
         <size>0x4a9</size>
         <input_file_ref idref="fl-13"/>
      </object_component>
      <object_component id="oc-12f">
         <name>.cinit</name>
         <load_address>0x8068e</load_address>
         <run_address>0x8068e</run_address>
         <size>0x176</size>
         <input_file_ref idref="fl-11"/>
      </object_component>
      <object_component id="oc-20a">
         <name>.cinit</name>
         <load_address>0x80804</load_address>
         <run_address>0x80804</run_address>
         <size>0xe</size>
         <input_file_ref idref="fl-51"/>
      </object_component>
      <object_component id="oc-327">
         <name>.cinit:__lock</name>
         <load_address>0x80812</load_address>
         <run_address>0x80812</run_address>
         <size>0x5</size>
         <input_file_ref idref="fl-52"/>
      </object_component>
      <object_component id="oc-328">
         <name>.cinit:__unlock</name>
         <load_address>0x80817</load_address>
         <run_address>0x80817</run_address>
         <size>0x5</size>
         <input_file_ref idref="fl-52"/>
      </object_component>
      <object_component id="oc-287">
         <name>.cinit</name>
         <load_address>0x8081c</load_address>
         <run_address>0x8081c</run_address>
         <size>0x4</size>
         <input_file_ref idref="fl-69"/>
      </object_component>
      <object_component id="oc-46c">
         <name>.binit</name>
         <load_address>0x80840</load_address>
         <run_address>0x80840</run_address>
         <size>0xa</size>
      </object_component>
      <object_component id="oc-367">
         <name>.text</name>
         <load_address>0x88000</load_address>
         <run_address>0x88000</run_address>
         <size>0xc16</size>
         <input_file_ref idref="fl-5a"/>
      </object_component>
      <object_component id="oc-299">
         <name>.text</name>
         <load_address>0x88c16</load_address>
         <run_address>0x88c16</run_address>
         <size>0x7c7</size>
         <input_file_ref idref="fl-11"/>
      </object_component>
      <object_component id="oc-2c1">
         <name>.text</name>
         <load_address>0x893dd</load_address>
         <run_address>0x893dd</run_address>
         <size>0x2af</size>
         <input_file_ref idref="fl-f"/>
      </object_component>
      <object_component id="oc-2bd">
         <name>.text</name>
         <load_address>0x8968c</load_address>
         <run_address>0x8968c</run_address>
         <size>0x299</size>
         <input_file_ref idref="fl-8"/>
      </object_component>
      <object_component id="oc-448">
         <name>.text:_xdc_runtime_System_doPrint__I</name>
         <load_address>0x89925</load_address>
         <run_address>0x89925</run_address>
         <size>0x252</size>
         <input_file_ref idref="fl-2e"/>
      </object_component>
      <object_component id="oc-2be">
         <name>.text</name>
         <load_address>0x89b77</load_address>
         <run_address>0x89b77</run_address>
         <size>0x244</size>
         <input_file_ref idref="fl-6"/>
      </object_component>
      <object_component id="oc-343">
         <name>.text:_ti_sysbios_knl_Semaphore_pend__E</name>
         <load_address>0x89dbb</load_address>
         <run_address>0x89dbb</run_address>
         <size>0x1da</size>
         <input_file_ref idref="fl-1f"/>
      </object_component>
      <object_component id="oc-2b5">
         <name>.text:_ti_sysbios_heaps_HeapMem_free__E</name>
         <load_address>0x89f95</load_address>
         <run_address>0x89f95</run_address>
         <size>0x1ba</size>
         <input_file_ref idref="fl-1f"/>
      </object_component>
      <object_component id="oc-2b4">
         <name>.text:_ti_sysbios_heaps_HeapMem_alloc__E</name>
         <load_address>0x8a14f</load_address>
         <run_address>0x8a14f</run_address>
         <size>0x1b3</size>
         <input_file_ref idref="fl-1f"/>
      </object_component>
      <object_component id="oc-2c2">
         <name>.text</name>
         <load_address>0x8a302</load_address>
         <run_address>0x8a302</run_address>
         <size>0x165</size>
         <input_file_ref idref="fl-10"/>
      </object_component>
      <object_component id="oc-2c3">
         <name>.text</name>
         <load_address>0x8a467</load_address>
         <run_address>0x8a467</run_address>
         <size>0x135</size>
         <input_file_ref idref="fl-a"/>
      </object_component>
      <object_component id="oc-2bb">
         <name>.text</name>
         <load_address>0x8a59c</load_address>
         <run_address>0x8a59c</run_address>
         <size>0x11f</size>
         <input_file_ref idref="fl-d"/>
      </object_component>
      <object_component id="oc-2bf">
         <name>.text</name>
         <load_address>0x8a6bb</load_address>
         <run_address>0x8a6bb</run_address>
         <size>0x117</size>
         <input_file_ref idref="fl-e"/>
      </object_component>
      <object_component id="oc-45e">
         <name>.text:_xdc_runtime_System_printfExtend__I</name>
         <load_address>0x8a7d2</load_address>
         <run_address>0x8a7d2</run_address>
         <size>0x10a</size>
         <input_file_ref idref="fl-13"/>
      </object_component>
      <object_component id="oc-1e1">
         <name>.text</name>
         <load_address>0x8a8dc</load_address>
         <run_address>0x8a8dc</run_address>
         <size>0x107</size>
         <input_file_ref idref="fl-49"/>
      </object_component>
      <object_component id="oc-2c0">
         <name>.text</name>
         <load_address>0x8a9e3</load_address>
         <run_address>0x8a9e3</run_address>
         <size>0xfd</size>
         <input_file_ref idref="fl-4"/>
      </object_component>
      <object_component id="oc-30e">
         <name>.text:_ti_sysbios_heaps_HeapMem_Instance_init__E</name>
         <load_address>0x8aae0</load_address>
         <run_address>0x8aae0</run_address>
         <size>0xed</size>
         <input_file_ref idref="fl-1f"/>
      </object_component>
      <object_component id="oc-376">
         <name>.text:_ti_sysbios_family_c28_Hwi_clearInterrupt__E</name>
         <load_address>0x8abcd</load_address>
         <run_address>0x8abcd</run_address>
         <size>0xe0</size>
         <input_file_ref idref="fl-1f"/>
      </object_component>
      <object_component id="oc-314">
         <name>.text</name>
         <load_address>0x8acad</load_address>
         <run_address>0x8acad</run_address>
         <size>0xdd</size>
         <input_file_ref idref="fl-2"/>
      </object_component>
      <object_component id="oc-2cd">
         <name>.text:_xdc_runtime_LoggerBuf_write8__E</name>
         <load_address>0x8ad8a</load_address>
         <run_address>0x8ad8a</run_address>
         <size>0xd2</size>
         <input_file_ref idref="fl-2b"/>
      </object_component>
      <object_component id="oc-2fc">
         <name>.text:_xdc_runtime_Core_createObject__I</name>
         <load_address>0x8ae5c</load_address>
         <run_address>0x8ae5c</run_address>
         <size>0xc3</size>
         <input_file_ref idref="fl-25"/>
      </object_component>
      <object_component id="oc-460">
         <name>.text:_ti_sysbios_family_c28_Hwi_dispatchCore__I</name>
         <load_address>0x8af1f</load_address>
         <run_address>0x8af1f</run_address>
         <size>0xc0</size>
         <input_file_ref idref="fl-1f"/>
      </object_component>
      <object_component id="oc-3bc">
         <name>.text</name>
         <load_address>0x8afdf</load_address>
         <run_address>0x8afdf</run_address>
         <size>0xc0</size>
         <input_file_ref idref="fl-63"/>
      </object_component>
      <object_component id="oc-344">
         <name>.text:_ti_sysbios_knl_Semaphore_post__E</name>
         <load_address>0x8b09f</load_address>
         <run_address>0x8b09f</run_address>
         <size>0xb8</size>
         <input_file_ref idref="fl-1f"/>
      </object_component>
      <object_component id="oc-29d">
         <name>.text:_ti_sysbios_knl_Clock_workFunc__E</name>
         <load_address>0x8b157</load_address>
         <run_address>0x8b157</run_address>
         <size>0xb6</size>
         <input_file_ref idref="fl-1f"/>
      </object_component>
      <object_component id="oc-3d6">
         <name>.text:_ti_sysbios_knl_Swi_run__I</name>
         <load_address>0x8b20d</load_address>
         <run_address>0x8b20d</run_address>
         <size>0xaf</size>
         <input_file_ref idref="fl-1f"/>
      </object_component>
      <object_component id="oc-3dc">
         <name>.text:_xdc_runtime_Core_constructObject__I</name>
         <load_address>0x8b2bc</load_address>
         <run_address>0x8b2bc</run_address>
         <size>0x9c</size>
         <input_file_ref idref="fl-26"/>
      </object_component>
      <object_component id="oc-349">
         <name>.text:_xdc_runtime_Error_policyDefault__E</name>
         <load_address>0x8b358</load_address>
         <run_address>0x8b358</run_address>
         <size>0x9c</size>
         <input_file_ref idref="fl-29"/>
      </object_component>
      <object_component id="oc-1b9">
         <name>.text</name>
         <load_address>0x8b3f4</load_address>
         <run_address>0x8b3f4</run_address>
         <size>0x9c</size>
         <input_file_ref idref="fl-41"/>
      </object_component>
      <object_component id="oc-42e">
         <name>.text:_ti_sysbios_family_c28_Hwi_dispatch</name>
         <load_address>0x8b490</load_address>
         <run_address>0x8b490</run_address>
         <size>0x9b</size>
         <input_file_ref idref="fl-21"/>
      </object_component>
      <object_component id="oc-3ab">
         <name>.text:_ti_catalog_c2800_initF2837x_Boot_defaultLimpAbortFunction</name>
         <load_address>0x8b52b</load_address>
         <run_address>0x8b52b</run_address>
         <size>0x1</size>
         <input_file_ref idref="fl-35"/>
      </object_component>
      <object_component id="oc-428">
         <name>.text</name>
         <load_address>0x8b52c</load_address>
         <run_address>0x8b52c</run_address>
         <size>0x94</size>
         <input_file_ref idref="fl-58"/>
      </object_component>
      <object_component id="oc-377">
         <name>.text:_ti_sysbios_family_c28_Hwi_enableInterrupt__E</name>
         <load_address>0x8b5c0</load_address>
         <run_address>0x8b5c0</run_address>
         <size>0x8e</size>
         <input_file_ref idref="fl-1f"/>
      </object_component>
      <object_component id="oc-2cc">
         <name>.text:_xdc_runtime_LoggerBuf_write4__E</name>
         <load_address>0x8b64e</load_address>
         <run_address>0x8b64e</run_address>
         <size>0x8b</size>
         <input_file_ref idref="fl-2b"/>
      </object_component>
      <object_component id="oc-1c3">
         <name>.text</name>
         <load_address>0x8b6d9</load_address>
         <run_address>0x8b6d9</run_address>
         <size>0x8b</size>
         <input_file_ref idref="fl-43"/>
      </object_component>
      <object_component id="oc-1dc">
         <name>.text</name>
         <load_address>0x8b764</load_address>
         <run_address>0x8b764</run_address>
         <size>0x88</size>
         <input_file_ref idref="fl-48"/>
      </object_component>
      <object_component id="oc-1c8">
         <name>.text</name>
         <load_address>0x8b7ec</load_address>
         <run_address>0x8b7ec</run_address>
         <size>0x83</size>
         <input_file_ref idref="fl-44"/>
      </object_component>
      <object_component id="oc-2c4">
         <name>.text</name>
         <load_address>0x8b86f</load_address>
         <run_address>0x8b86f</run_address>
         <size>0x82</size>
         <input_file_ref idref="fl-c"/>
      </object_component>
      <object_component id="oc-44a">
         <name>.text:_ti_sysbios_family_c28_Hwi_disableInterrupt__E</name>
         <load_address>0x8b8f1</load_address>
         <run_address>0x8b8f1</run_address>
         <size>0x81</size>
         <input_file_ref idref="fl-1f"/>
      </object_component>
      <object_component id="oc-3cc">
         <name>.text:_ti_sysbios_family_c28_Hwi_disablePIEIER__E</name>
         <load_address>0x8b972</load_address>
         <run_address>0x8b972</run_address>
         <size>0x7e</size>
         <input_file_ref idref="fl-1f"/>
      </object_component>
      <object_component id="oc-3cb">
         <name>.text:_ti_sysbios_family_c28_Hwi_enablePIEIER__E</name>
         <load_address>0x8b9f0</load_address>
         <run_address>0x8b9f0</run_address>
         <size>0x7d</size>
         <input_file_ref idref="fl-1f"/>
      </object_component>
      <object_component id="oc-3b0">
         <name>.text:_xdc_runtime_Startup_startMods__I</name>
         <load_address>0x8ba6d</load_address>
         <run_address>0x8ba6d</run_address>
         <size>0x7d</size>
         <input_file_ref idref="fl-2d"/>
      </object_component>
      <object_component id="oc-37c">
         <name>.text:_ti_sysbios_knl_Task_checkStacks__E</name>
         <load_address>0x8baea</load_address>
         <run_address>0x8baea</run_address>
         <size>0x73</size>
         <input_file_ref idref="fl-1f"/>
      </object_component>
      <object_component id="oc-331">
         <name>.text:_ti_sysbios_knl_Task_startCore__E</name>
         <load_address>0x8bb5d</load_address>
         <run_address>0x8bb5d</run_address>
         <size>0x71</size>
         <input_file_ref idref="fl-1f"/>
      </object_component>
      <object_component id="oc-2ec">
         <name>.text:_ti_sysbios_gates_GateMutex_enter__E</name>
         <load_address>0x8bbce</load_address>
         <run_address>0x8bbce</run_address>
         <size>0x70</size>
         <input_file_ref idref="fl-1f"/>
      </object_component>
      <object_component id="oc-411">
         <name>.text:_xdc_runtime_Text_putSite__E</name>
         <load_address>0x8bc3e</load_address>
         <run_address>0x8bc3e</run_address>
         <size>0x6f</size>
         <input_file_ref idref="fl-30"/>
      </object_component>
      <object_component id="oc-3cf">
         <name>.text:_ti_sysbios_knl_Task_schedule__I</name>
         <load_address>0x8bcad</load_address>
         <run_address>0x8bcad</run_address>
         <size>0x6e</size>
         <input_file_ref idref="fl-1f"/>
      </object_component>
      <object_component id="oc-3dd">
         <name>.text:_ti_sysbios_knl_Semaphore_Instance_init__E</name>
         <load_address>0x8bd1b</load_address>
         <run_address>0x8bd1b</run_address>
         <size>0x6a</size>
         <input_file_ref idref="fl-1f"/>
      </object_component>
      <object_component id="oc-430">
         <name>.text:_ti_sysbios_family_c28_Timer_stopAndClear__I</name>
         <load_address>0x8bd85</load_address>
         <run_address>0x8bd85</run_address>
         <size>0x66</size>
         <input_file_ref idref="fl-1f"/>
      </object_component>
      <object_component id="oc-84">
         <name>.text</name>
         <load_address>0x8bdeb</load_address>
         <run_address>0x8bdeb</run_address>
         <size>0x63</size>
         <input_file_ref idref="fl-34"/>
      </object_component>
      <object_component id="oc-2ea">
         <name>.text:_ti_sysbios_knl_Swi_post__E</name>
         <load_address>0x8be4e</load_address>
         <run_address>0x8be4e</run_address>
         <size>0x60</size>
         <input_file_ref idref="fl-1f"/>
      </object_component>
      <object_component id="oc-397">
         <name>.text:_ti_sysbios_knl_Task_blockI__E</name>
         <load_address>0x8beae</load_address>
         <run_address>0x8beae</run_address>
         <size>0x60</size>
         <input_file_ref idref="fl-1f"/>
      </object_component>
      <object_component id="oc-3bb">
         <name>.text</name>
         <load_address>0x8bf0e</load_address>
         <run_address>0x8bf0e</run_address>
         <size>0x5a</size>
         <input_file_ref idref="fl-62"/>
      </object_component>
      <object_component id="oc-43a">
         <name>.text:_ti_sysbios_knl_Task_exit__E</name>
         <load_address>0x8bf68</load_address>
         <run_address>0x8bf68</run_address>
         <size>0x57</size>
         <input_file_ref idref="fl-1f"/>
      </object_component>
      <object_component id="oc-36a">
         <name>.text:_xdc_runtime_Memory_alloc__E</name>
         <load_address>0x8bfbf</load_address>
         <run_address>0x8bfbf</run_address>
         <size>0x57</size>
         <input_file_ref idref="fl-2c"/>
      </object_component>
      <object_component id="oc-39a">
         <name>.text:_ti_sysbios_knl_Task_unblockI__E</name>
         <load_address>0x8c016</load_address>
         <run_address>0x8c016</run_address>
         <size>0x51</size>
         <input_file_ref idref="fl-1f"/>
      </object_component>
      <object_component id="oc-464">
         <name>.text:_xdc_runtime_Text_putLab__E</name>
         <load_address>0x8c067</load_address>
         <run_address>0x8c067</run_address>
         <size>0x4f</size>
         <input_file_ref idref="fl-30"/>
      </object_component>
      <object_component id="oc-425">
         <name>.text:_ti_sysbios_knl_Task_postInit__I</name>
         <load_address>0x8c0b6</load_address>
         <run_address>0x8c0b6</run_address>
         <size>0x4b</size>
         <input_file_ref idref="fl-1f"/>
      </object_component>
      <object_component id="oc-406">
         <name>.text:_ti_sysbios_family_c28_Hwi_Module_startup__E</name>
         <load_address>0x8c101</load_address>
         <run_address>0x8c101</run_address>
         <size>0x47</size>
         <input_file_ref idref="fl-1f"/>
      </object_component>
      <object_component id="oc-2fe">
         <name>.text:_xdc_runtime_Core_deleteObject__I</name>
         <load_address>0x8c148</load_address>
         <run_address>0x8c148</run_address>
         <size>0x46</size>
         <input_file_ref idref="fl-25"/>
      </object_component>
      <object_component id="oc-2f3">
         <name>.text:.bootCodeSection:_ti_catalog_c2800_initF2837x_Boot_configurePllDivs</name>
         <load_address>0x8c18e</load_address>
         <run_address>0x8c18e</run_address>
         <size>0x45</size>
         <input_file_ref idref="fl-35"/>
      </object_component>
      <object_component id="oc-419">
         <name>.text:_ti_sysbios_family_c28_Timer_postInit__I</name>
         <load_address>0x8c1d3</load_address>
         <run_address>0x8c1d3</run_address>
         <size>0x43</size>
         <input_file_ref idref="fl-1f"/>
      </object_component>
      <object_component id="oc-144">
         <name>.text:_ti_sysbios_family_c28_Hwi_unPluggedInterrupt__I</name>
         <load_address>0x8c216</load_address>
         <run_address>0x8c216</run_address>
         <size>0x42</size>
         <input_file_ref idref="fl-1f"/>
      </object_component>
      <object_component id="oc-455">
         <name>.text:_xdc_runtime_System_formatNum__I</name>
         <load_address>0x8c258</load_address>
         <run_address>0x8c258</run_address>
         <size>0x3f</size>
         <input_file_ref idref="fl-2e"/>
      </object_component>
      <object_component id="oc-46b">
         <name>.text:_ti_sysbios_knl_Swi_restoreHwi__E</name>
         <load_address>0x8c297</load_address>
         <run_address>0x8c297</run_address>
         <size>0x3e</size>
         <input_file_ref idref="fl-1f"/>
      </object_component>
      <object_component id="oc-429">
         <name>.text:_xdc_runtime_Text_putMod__E</name>
         <load_address>0x8c2d5</load_address>
         <run_address>0x8c2d5</run_address>
         <size>0x3e</size>
         <input_file_ref idref="fl-30"/>
      </object_component>
      <object_component id="oc-359">
         <name>.text:_xdc_runtime_Core_assignParams__I</name>
         <load_address>0x8c313</load_address>
         <run_address>0x8c313</run_address>
         <size>0x3d</size>
         <input_file_ref idref="fl-28"/>
      </object_component>
      <object_component id="oc-2cf">
         <name>.text:_xdc_runtime_LoggerBuf_getFilterLevel__E</name>
         <load_address>0x8c350</load_address>
         <run_address>0x8c350</run_address>
         <size>0x3d</size>
         <input_file_ref idref="fl-2b"/>
      </object_component>
      <object_component id="oc-2ce">
         <name>.text:_xdc_runtime_LoggerBuf_setFilterLevel__E</name>
         <load_address>0x8c38d</load_address>
         <run_address>0x8c38d</run_address>
         <size>0x3c</size>
         <input_file_ref idref="fl-2b"/>
      </object_component>
      <object_component id="oc-44e">
         <name>.text:_ti_sysbios_family_c28_TaskSupport_start__E</name>
         <load_address>0x8c3c9</load_address>
         <run_address>0x8c3c9</run_address>
         <size>0x3a</size>
         <input_file_ref idref="fl-1f"/>
      </object_component>
      <object_component id="oc-2d0">
         <name>.text:_xdc_runtime_LoggerBuf_Object__create__S</name>
         <load_address>0x8c403</load_address>
         <run_address>0x8c403</run_address>
         <size>0x38</size>
         <input_file_ref idref="fl-13"/>
      </object_component>
      <object_component id="oc-40d">
         <name>.text</name>
         <load_address>0x8c43b</load_address>
         <run_address>0x8c43b</run_address>
         <size>0x38</size>
         <input_file_ref idref="fl-57"/>
      </object_component>
      <object_component id="oc-2e7">
         <name>.text:_ti_sysbios_knl_Clock_logTick__E</name>
         <load_address>0x8c473</load_address>
         <run_address>0x8c473</run_address>
         <size>0x36</size>
         <input_file_ref idref="fl-1f"/>
      </object_component>
      <object_component id="oc-321">
         <name>.text:_xdc_runtime_LoggerBuf_Instance_init__E</name>
         <load_address>0x8c4a9</load_address>
         <run_address>0x8c4a9</run_address>
         <size>0x36</size>
         <input_file_ref idref="fl-2b"/>
      </object_component>
      <object_component id="oc-32c">
         <name>.text:_ti_sysbios_BIOS_rtsUnlock__I</name>
         <load_address>0x8c4df</load_address>
         <run_address>0x8c4df</run_address>
         <size>0x34</size>
         <input_file_ref idref="fl-13"/>
      </object_component>
      <object_component id="oc-40b">
         <name>.text:_ti_sysbios_knl_Task_Module_startup__E</name>
         <load_address>0x8c513</load_address>
         <run_address>0x8c513</run_address>
         <size>0x32</size>
         <input_file_ref idref="fl-1f"/>
      </object_component>
      <object_component id="oc-305">
         <name>.text:_xdc_runtime_Assert_raise__I</name>
         <load_address>0x8c545</load_address>
         <run_address>0x8c545</run_address>
         <size>0x32</size>
         <input_file_ref idref="fl-24"/>
      </object_component>
      <object_component id="oc-45d">
         <name>.text:_xdc_runtime_Text_visitRope2__I</name>
         <load_address>0x8c577</load_address>
         <run_address>0x8c577</run_address>
         <size>0x32</size>
         <input_file_ref idref="fl-30"/>
      </object_component>
      <object_component id="oc-291">
         <name>.text:_xdc_runtime_Startup_exec__E</name>
         <load_address>0x8c5a9</load_address>
         <run_address>0x8c5a9</run_address>
         <size>0x31</size>
         <input_file_ref idref="fl-2d"/>
      </object_component>
      <object_component id="oc-3b9">
         <name>.text</name>
         <load_address>0x8c5da</load_address>
         <run_address>0x8c5da</run_address>
         <size>0x31</size>
         <input_file_ref idref="fl-5b"/>
      </object_component>
      <object_component id="oc-3a0">
         <name>.text:_xdc_runtime_Error_setX__E</name>
         <load_address>0x8c60b</load_address>
         <run_address>0x8c60b</run_address>
         <size>0x30</size>
         <input_file_ref idref="fl-29"/>
      </object_component>
      <object_component id="oc-30f">
         <name>.text</name>
         <load_address>0x8c63b</load_address>
         <run_address>0x8c63b</run_address>
         <size>0x30</size>
         <input_file_ref idref="fl-59"/>
      </object_component>
      <object_component id="oc-387">
         <name>.text:_ti_sysbios_knl_Swi_runLoop__I</name>
         <load_address>0x8c66b</load_address>
         <run_address>0x8c66b</run_address>
         <size>0x2e</size>
         <input_file_ref idref="fl-1f"/>
      </object_component>
      <object_component id="oc-33c">
         <name>.text:_ti_sysbios_knl_Swi_schedule__I</name>
         <load_address>0x8c699</load_address>
         <run_address>0x8c699</run_address>
         <size>0x2e</size>
         <input_file_ref idref="fl-1f"/>
      </object_component>
      <object_component id="oc-401">
         <name>.text:_xdc_runtime_Error_print__E</name>
         <load_address>0x8c6c7</load_address>
         <run_address>0x8c6c7</run_address>
         <size>0x2e</size>
         <input_file_ref idref="fl-29"/>
      </object_component>
      <object_component id="oc-3ba">
         <name>.text</name>
         <load_address>0x8c6f5</load_address>
         <run_address>0x8c6f5</run_address>
         <size>0x2e</size>
         <input_file_ref idref="fl-5d"/>
      </object_component>
      <object_component id="oc-3e4">
         <name>.text:_ti_sysbios_family_c28_Hwi_getStackInfo__E</name>
         <load_address>0x8c723</load_address>
         <run_address>0x8c723</run_address>
         <size>0x2d</size>
         <input_file_ref idref="fl-1f"/>
      </object_component>
      <object_component id="oc-2b7">
         <name>.text:_ti_sysbios_heaps_HeapMem_getStats__E</name>
         <load_address>0x8c750</load_address>
         <run_address>0x8c750</run_address>
         <size>0x2d</size>
         <input_file_ref idref="fl-1f"/>
      </object_component>
      <object_component id="oc-32e">
         <name>.text:_ti_sysbios_family_c28_Timer_start__E</name>
         <load_address>0x8c77d</load_address>
         <run_address>0x8c77d</run_address>
         <size>0x2c</size>
         <input_file_ref idref="fl-1f"/>
      </object_component>
      <object_component id="oc-409">
         <name>.text:_ti_sysbios_knl_Mailbox_Module_startup__E</name>
         <load_address>0x8c7a9</load_address>
         <run_address>0x8c7a9</run_address>
         <size>0x2b</size>
         <input_file_ref idref="fl-1f"/>
      </object_component>
      <object_component id="oc-1be">
         <name>.text</name>
         <load_address>0x8c7d4</load_address>
         <run_address>0x8c7d4</run_address>
         <size>0x2a</size>
         <input_file_ref idref="fl-42"/>
      </object_component>
      <object_component id="oc-1f0">
         <name>.text</name>
         <load_address>0x8c7fe</load_address>
         <run_address>0x8c7fe</run_address>
         <size>0x2a</size>
         <input_file_ref idref="fl-4c"/>
      </object_component>
      <object_component id="oc-3b3">
         <name>.text:_xdc_runtime_SysMin_flush__E</name>
         <load_address>0x8c828</load_address>
         <run_address>0x8c828</run_address>
         <size>0x29</size>
         <input_file_ref idref="fl-2f"/>
      </object_component>
      <object_component id="oc-42a">
         <name>.text:_xdc_runtime_Text_xprintf__I</name>
         <load_address>0x8c851</load_address>
         <run_address>0x8c851</run_address>
         <size>0x29</size>
         <input_file_ref idref="fl-30"/>
      </object_component>
      <object_component id="oc-352">
         <name>.text</name>
         <load_address>0x8c87a</load_address>
         <run_address>0x8c87a</run_address>
         <size>0x29</size>
         <input_file_ref idref="fl-51"/>
      </object_component>
      <object_component id="oc-34b">
         <name>.text:_ti_sysbios_heaps_HeapMem_init__I</name>
         <load_address>0x8c8a3</load_address>
         <run_address>0x8c8a3</run_address>
         <size>0x27</size>
         <input_file_ref idref="fl-1f"/>
      </object_component>
      <object_component id="oc-45c">
         <name>.text:_ti_sysbios_family_c28_TaskSupport_buildTaskStack</name>
         <load_address>0x8c8ca</load_address>
         <run_address>0x8c8ca</run_address>
         <size>0x25</size>
         <input_file_ref idref="fl-23"/>
      </object_component>
      <object_component id="oc-2aa">
         <name>.text:_xdc_runtime_System_processAtExit__E</name>
         <load_address>0x8c8ef</load_address>
         <run_address>0x8c8ef</run_address>
         <size>0x24</size>
         <input_file_ref idref="fl-2e"/>
      </object_component>
      <object_component id="oc-290">
         <name>.text</name>
         <load_address>0x8c913</load_address>
         <run_address>0x8c913</run_address>
         <size>0x24</size>
         <input_file_ref idref="fl-4f"/>
      </object_component>
      <object_component id="oc-3eb">
         <name>.text</name>
         <load_address>0x8c937</load_address>
         <run_address>0x8c937</run_address>
         <size>0x24</size>
         <input_file_ref idref="fl-6a"/>
      </object_component>
      <object_component id="oc-1fa">
         <name>.text</name>
         <load_address>0x8c95b</load_address>
         <run_address>0x8c95b</run_address>
         <size>0x23</size>
         <input_file_ref idref="fl-4e"/>
      </object_component>
      <object_component id="oc-1e6">
         <name>.text</name>
         <load_address>0x8c97e</load_address>
         <run_address>0x8c97e</run_address>
         <size>0x22</size>
         <input_file_ref idref="fl-4a"/>
      </object_component>
      <object_component id="oc-37a">
         <name>.text:_ti_sysbios_knl_Task_allBlockedFunction__I</name>
         <load_address>0x8c9a0</load_address>
         <run_address>0x8c9a0</run_address>
         <size>0x21</size>
         <input_file_ref idref="fl-1f"/>
      </object_component>
      <object_component id="oc-317">
         <name>.text:_xdc_runtime_LoggerBuf_filterOutEvent__I</name>
         <load_address>0x8c9c1</load_address>
         <run_address>0x8c9c1</run_address>
         <size>0x21</size>
         <input_file_ref idref="fl-2b"/>
      </object_component>
      <object_component id="oc-2d4">
         <name>.text:_xdc_runtime_System_atexit__E</name>
         <load_address>0x8c9e2</load_address>
         <run_address>0x8c9e2</run_address>
         <size>0x21</size>
         <input_file_ref idref="fl-2e"/>
      </object_component>
      <object_component id="oc-26d">
         <name>.text</name>
         <load_address>0x8ca03</load_address>
         <run_address>0x8ca03</run_address>
         <size>0x21</size>
         <input_file_ref idref="fl-64"/>
      </object_component>
      <object_component id="oc-432">
         <name>.text:_ti_sysbios_family_c28_Timer_setPrescale__E</name>
         <load_address>0x8ca24</load_address>
         <run_address>0x8ca24</run_address>
         <size>0x20</size>
         <input_file_ref idref="fl-1f"/>
      </object_component>
      <object_component id="oc-2b0">
         <name>.text:_ti_sysbios_gates_GateHwi_Object__create__S</name>
         <load_address>0x8ca44</load_address>
         <run_address>0x8ca44</run_address>
         <size>0x1f</size>
         <input_file_ref idref="fl-13"/>
      </object_component>
      <object_component id="oc-2ee">
         <name>.text:_ti_sysbios_gates_GateMutex_Object__create__S</name>
         <load_address>0x8ca63</load_address>
         <run_address>0x8ca63</run_address>
         <size>0x1f</size>
         <input_file_ref idref="fl-13"/>
      </object_component>
      <object_component id="oc-2b8">
         <name>.text:_ti_sysbios_heaps_HeapMem_Object__create__S</name>
         <load_address>0x8ca82</load_address>
         <run_address>0x8ca82</run_address>
         <size>0x1f</size>
         <input_file_ref idref="fl-13"/>
      </object_component>
      <object_component id="oc-1d7">
         <name>.text</name>
         <load_address>0x8caa1</load_address>
         <run_address>0x8caa1</run_address>
         <size>0x1f</size>
         <input_file_ref idref="fl-47"/>
      </object_component>
      <object_component id="oc-402">
         <name>.text:_xdc_runtime_SysMin_putch__E</name>
         <load_address>0x8cac0</load_address>
         <run_address>0x8cac0</run_address>
         <size>0x1e</size>
         <input_file_ref idref="fl-2f"/>
      </object_component>
      <object_component id="oc-277">
         <name>.text</name>
         <load_address>0x8cade</load_address>
         <run_address>0x8cade</run_address>
         <size>0x1e</size>
         <input_file_ref idref="fl-66"/>
      </object_component>
      <object_component id="oc-2a6">
         <name>.text</name>
         <load_address>0x8cafc</load_address>
         <run_address>0x8cafc</run_address>
         <size>0x1e</size>
         <input_file_ref idref="fl-50"/>
      </object_component>
      <object_component id="oc-3d5">
         <name>.text:_ti_sysbios_family_c28_TaskSupport_swap__E</name>
         <load_address>0x8cb1a</load_address>
         <run_address>0x8cb1a</run_address>
         <size>0x1d</size>
         <input_file_ref idref="fl-23"/>
      </object_component>
      <object_component id="oc-27c">
         <name>.text</name>
         <load_address>0x8cb37</load_address>
         <run_address>0x8cb37</run_address>
         <size>0x1d</size>
         <input_file_ref idref="fl-67"/>
      </object_component>
      <object_component id="oc-3df">
         <name>.text:_ti_sysbios_hal_Hwi_checkStack</name>
         <load_address>0x8cb54</load_address>
         <run_address>0x8cb54</run_address>
         <size>0x1c</size>
         <input_file_ref idref="fl-1f"/>
      </object_component>
      <object_component id="oc-1f5">
         <name>.text</name>
         <load_address>0x8cb70</load_address>
         <run_address>0x8cb70</run_address>
         <size>0x1c</size>
         <input_file_ref idref="fl-4d"/>
      </object_component>
      <object_component id="oc-281">
         <name>.text</name>
         <load_address>0x8cb8c</load_address>
         <run_address>0x8cb8c</run_address>
         <size>0x1c</size>
         <input_file_ref idref="fl-68"/>
      </object_component>
      <object_component id="oc-457">
         <name>.text:_ti_sysbios_family_c28_Hwi_switchAndDispatch__I</name>
         <load_address>0x8cba8</load_address>
         <run_address>0x8cba8</run_address>
         <size>0x1b</size>
         <input_file_ref idref="fl-20"/>
      </object_component>
      <object_component id="oc-34d">
         <name>.text:_ti_sysbios_hal_Hwi_initStack</name>
         <load_address>0x8cbc3</load_address>
         <run_address>0x8cbc3</run_address>
         <size>0x1b</size>
         <input_file_ref idref="fl-1f"/>
      </object_component>
      <object_component id="oc-39d">
         <name>.text:_ti_sysbios_knl_Semaphore_construct</name>
         <load_address>0x8cbde</load_address>
         <run_address>0x8cbde</run_address>
         <size>0x1b</size>
         <input_file_ref idref="fl-13"/>
      </object_component>
      <object_component id="oc-44d">
         <name>.text:_ti_sysbios_knl_Task_processVitalTaskFlag__I</name>
         <load_address>0x8cbf9</load_address>
         <run_address>0x8cbf9</run_address>
         <size>0x1b</size>
         <input_file_ref idref="fl-1f"/>
      </object_component>
      <object_component id="oc-3fd">
         <name>.text:_xdc_runtime_SysMin_output__I</name>
         <load_address>0x8cc14</load_address>
         <run_address>0x8cc14</run_address>
         <size>0x1b</size>
         <input_file_ref idref="fl-13"/>
      </object_component>
      <object_component id="oc-392">
         <name>.text:_ti_sysbios_knl_Clock_addI__E</name>
         <load_address>0x8cc2f</load_address>
         <run_address>0x8cc2f</run_address>
         <size>0x1a</size>
         <input_file_ref idref="fl-1f"/>
      </object_component>
      <object_component id="oc-2ff">
         <name>.text:_xdc_runtime_Core_assignLabel__I</name>
         <load_address>0x8cc49</load_address>
         <run_address>0x8cc49</run_address>
         <size>0x1a</size>
         <input_file_ref idref="fl-27"/>
      </object_component>
      <object_component id="oc-42b">
         <name>.text:_xdc_runtime_System_avprintf__E</name>
         <load_address>0x8cc63</load_address>
         <run_address>0x8cc63</run_address>
         <size>0x1a</size>
         <input_file_ref idref="fl-2e"/>
      </object_component>
      <object_component id="oc-456">
         <name>.text:_xdc_runtime_System_putchar__I</name>
         <load_address>0x8cc7d</load_address>
         <run_address>0x8cc7d</run_address>
         <size>0x1a</size>
         <input_file_ref idref="fl-2e"/>
      </object_component>
      <object_component id="oc-418">
         <name>.text:_ti_sysbios_family_c28_Hwi_Object__get__S</name>
         <load_address>0x8cc97</load_address>
         <run_address>0x8cc97</run_address>
         <size>0x19</size>
         <input_file_ref idref="fl-13"/>
      </object_component>
      <object_component id="oc-41f">
         <name>.text:_ti_sysbios_knl_Mailbox_postInit__I</name>
         <load_address>0x8ccb0</load_address>
         <run_address>0x8ccb0</run_address>
         <size>0x19</size>
         <input_file_ref idref="fl-1f"/>
      </object_component>
      <object_component id="oc-43d">
         <name>.text:_ti_sysbios_knl_Queue_Object__get__S</name>
         <load_address>0x8ccc9</load_address>
         <run_address>0x8ccc9</run_address>
         <size>0x19</size>
         <input_file_ref idref="fl-13"/>
      </object_component>
      <object_component id="oc-3f4">
         <name>.text:_ti_sysbios_knl_Queue_construct</name>
         <load_address>0x8cce2</load_address>
         <run_address>0x8cce2</run_address>
         <size>0x19</size>
         <input_file_ref idref="fl-13"/>
      </object_component>
      <object_component id="oc-391">
         <name>.text:_ti_sysbios_knl_Semaphore_pendTimeout__I</name>
         <load_address>0x8ccfb</load_address>
         <run_address>0x8ccfb</run_address>
         <size>0x19</size>
         <input_file_ref idref="fl-1f"/>
      </object_component>
      <object_component id="oc-330">
         <name>.text:_ti_sysbios_knl_Swi_restore__E</name>
         <load_address>0x8cd14</load_address>
         <run_address>0x8cd14</run_address>
         <size>0x19</size>
         <input_file_ref idref="fl-1f"/>
      </object_component>
      <object_component id="oc-42c">
         <name>.text:_xdc_runtime_System_vprintf__E</name>
         <load_address>0x8cd2d</load_address>
         <run_address>0x8cd2d</run_address>
         <size>0x19</size>
         <input_file_ref idref="fl-2e"/>
      </object_component>
      <object_component id="oc-445">
         <name>.text:_xdc_runtime_Text_printVisFxn__I</name>
         <load_address>0x8cd46</load_address>
         <run_address>0x8cd46</run_address>
         <size>0x19</size>
         <input_file_ref idref="fl-30"/>
      </object_component>
      <object_component id="oc-292">
         <name>.text</name>
         <load_address>0x8cd5f</load_address>
         <run_address>0x8cd5f</run_address>
         <size>0x19</size>
         <input_file_ref idref="fl-53"/>
      </object_component>
      <object_component id="oc-388">
         <name>.text:_ti_sysbios_family_xxx_Hwi_switchAndRunFunc</name>
         <load_address>0x8cd78</load_address>
         <run_address>0x8cd78</run_address>
         <size>0x18</size>
         <input_file_ref idref="fl-20"/>
      </object_component>
      <object_component id="oc-403">
         <name>.text:_xdc_runtime_LoggerBuf_Module_startup__E</name>
         <load_address>0x8cd90</load_address>
         <run_address>0x8cd90</run_address>
         <size>0x18</size>
         <input_file_ref idref="fl-2b"/>
      </object_component>
      <object_component id="oc-36b">
         <name>.text:_xdc_runtime_LoggerBuf_reset__E</name>
         <load_address>0x8cda8</load_address>
         <run_address>0x8cda8</run_address>
         <size>0x18</size>
         <input_file_ref idref="fl-2b"/>
      </object_component>
      <object_component id="oc-272">
         <name>.text</name>
         <load_address>0x8cdc0</load_address>
         <run_address>0x8cdc0</run_address>
         <size>0x18</size>
         <input_file_ref idref="fl-65"/>
      </object_component>
      <object_component id="oc-2d3">
         <name>.text:_ti_sysbios_BIOS_atExitFunc__I</name>
         <load_address>0x8cdd8</load_address>
         <run_address>0x8cdd8</run_address>
         <size>0x17</size>
         <input_file_ref idref="fl-13"/>
      </object_component>
      <object_component id="oc-2d6">
         <name>.text:_ti_sysbios_family_c28_Timer_startup__E</name>
         <load_address>0x8cdef</load_address>
         <run_address>0x8cdef</run_address>
         <size>0x17</size>
         <input_file_ref idref="fl-1f"/>
      </object_component>
      <object_component id="oc-3ad">
         <name>.text:_ti_sysbios_heaps_HeapMem_Object__get__S</name>
         <load_address>0x8ce06</load_address>
         <run_address>0x8ce06</run_address>
         <size>0x17</size>
         <input_file_ref idref="fl-13"/>
      </object_component>
      <object_component id="oc-29e">
         <name>.text:_ti_sysbios_knl_Clock_doTick__I</name>
         <load_address>0x8ce1d</load_address>
         <run_address>0x8ce1d</run_address>
         <size>0x17</size>
         <input_file_ref idref="fl-13"/>
      </object_component>
      <object_component id="oc-41d">
         <name>.text:_ti_sysbios_knl_Mailbox_Object__get__S</name>
         <load_address>0x8ce34</load_address>
         <run_address>0x8ce34</run_address>
         <size>0x17</size>
         <input_file_ref idref="fl-13"/>
      </object_component>
      <object_component id="oc-421">
         <name>.text:_ti_sysbios_knl_Swi_Object__get__S</name>
         <load_address>0x8ce4b</load_address>
         <run_address>0x8ce4b</run_address>
         <size>0x17</size>
         <input_file_ref idref="fl-13"/>
      </object_component>
      <object_component id="oc-424">
         <name>.text:_ti_sysbios_knl_Task_Object__get__S</name>
         <load_address>0x8ce62</load_address>
         <run_address>0x8ce62</run_address>
         <size>0x17</size>
         <input_file_ref idref="fl-13"/>
      </object_component>
      <object_component id="oc-415">
         <name>.text:_xdc_runtime_LoggerBuf_Object__get__S</name>
         <load_address>0x8ce79</load_address>
         <run_address>0x8ce79</run_address>
         <size>0x17</size>
         <input_file_ref idref="fl-13"/>
      </object_component>
      <object_component id="oc-3b4">
         <name>.text:_xdc_runtime_Memory_valloc__E</name>
         <load_address>0x8ce90</load_address>
         <run_address>0x8ce90</run_address>
         <size>0x17</size>
         <input_file_ref idref="fl-2c"/>
      </object_component>
      <object_component id="oc-407">
         <name>.text:_ti_sysbios_family_c28_Timer_Module_startup__E</name>
         <load_address>0x8cea7</load_address>
         <run_address>0x8cea7</run_address>
         <size>0x16</size>
         <input_file_ref idref="fl-1f"/>
      </object_component>
      <object_component id="oc-379">
         <name>.text:_ti_sysbios_knl_Task_restore__E</name>
         <load_address>0x8cebd</load_address>
         <run_address>0x8cebd</run_address>
         <size>0x16</size>
         <input_file_ref idref="fl-1f"/>
      </object_component>
      <object_component id="oc-3f9">
         <name>.text:_xdc_runtime_SysMin_abort__E</name>
         <load_address>0x8ced3</load_address>
         <run_address>0x8ced3</run_address>
         <size>0x16</size>
         <input_file_ref idref="fl-2f"/>
      </object_component>
      <object_component id="oc-40a">
         <name>.text:_ti_sysbios_knl_Swi_Module_startup__E</name>
         <load_address>0x8cee9</load_address>
         <run_address>0x8cee9</run_address>
         <size>0x15</size>
         <input_file_ref idref="fl-1f"/>
      </object_component>
      <object_component id="oc-2f1">
         <name>.text:_ti_sysbios_knl_Idle_run__E</name>
         <load_address>0x8cefe</load_address>
         <run_address>0x8cefe</run_address>
         <size>0x14</size>
         <input_file_ref idref="fl-1f"/>
      </object_component>
      <object_component id="oc-3e0">
         <name>.text:_ti_sysbios_BIOS_errorRaiseHook__I</name>
         <load_address>0x8cf12</load_address>
         <run_address>0x8cf12</run_address>
         <size>0x13</size>
         <input_file_ref idref="fl-13"/>
      </object_component>
      <object_component id="oc-2ef">
         <name>.text:_ti_sysbios_gates_GateMutex_Object__delete__S</name>
         <load_address>0x8cf25</load_address>
         <run_address>0x8cf25</run_address>
         <size>0x13</size>
         <input_file_ref idref="fl-13"/>
      </object_component>
      <object_component id="oc-2a4">
         <name>.text:_xdc_runtime_Error_raiseX__E</name>
         <load_address>0x8cf38</load_address>
         <run_address>0x8cf38</run_address>
         <size>0x13</size>
         <input_file_ref idref="fl-29"/>
      </object_component>
      <object_component id="oc-35d">
         <name>.text:_xdc_runtime_Text_cordText__E</name>
         <load_address>0x8cf4b</load_address>
         <run_address>0x8cf4b</run_address>
         <size>0x13</size>
         <input_file_ref idref="fl-30"/>
      </object_component>
      <object_component id="oc-459">
         <name>.text:_ti_sysbios_family_c28_Hwi_disableIER__E</name>
         <load_address>0x8cf5e</load_address>
         <run_address>0x8cf5e</run_address>
         <size>0x12</size>
         <input_file_ref idref="fl-13"/>
      </object_component>
      <object_component id="oc-2b1">
         <name>.text:_ti_sysbios_gates_GateHwi_Object__delete__S</name>
         <load_address>0x8cf70</load_address>
         <run_address>0x8cf70</run_address>
         <size>0x12</size>
         <input_file_ref idref="fl-13"/>
      </object_component>
      <object_component id="oc-2b9">
         <name>.text:_ti_sysbios_heaps_HeapMem_Object__delete__S</name>
         <load_address>0x8cf82</load_address>
         <run_address>0x8cf82</run_address>
         <size>0x12</size>
         <input_file_ref idref="fl-13"/>
      </object_component>
      <object_component id="oc-408">
         <name>.text:_ti_sysbios_knl_Clock_Module_startup__E</name>
         <load_address>0x8cf94</load_address>
         <run_address>0x8cf94</run_address>
         <size>0x12</size>
         <input_file_ref idref="fl-1f"/>
      </object_component>
      <object_component id="oc-2d1">
         <name>.text:_xdc_runtime_LoggerBuf_Object__delete__S</name>
         <load_address>0x8cfa6</load_address>
         <run_address>0x8cfa6</run_address>
         <size>0x12</size>
         <input_file_ref idref="fl-13"/>
      </object_component>
      <object_component id="oc-2b2">
         <name>.text:_ti_sysbios_gates_GateHwi_Handle__label__S</name>
         <load_address>0x8cfb8</load_address>
         <run_address>0x8cfb8</run_address>
         <size>0x11</size>
         <input_file_ref idref="fl-13"/>
      </object_component>
      <object_component id="oc-2f0">
         <name>.text:_ti_sysbios_gates_GateMutex_Handle__label__S</name>
         <load_address>0x8cfc9</load_address>
         <run_address>0x8cfc9</run_address>
         <size>0x11</size>
         <input_file_ref idref="fl-13"/>
      </object_component>
      <object_component id="oc-2ba">
         <name>.text:_ti_sysbios_heaps_HeapMem_Handle__label__S</name>
         <load_address>0x8cfda</load_address>
         <run_address>0x8cfda</run_address>
         <size>0x11</size>
         <input_file_ref idref="fl-13"/>
      </object_component>
      <object_component id="oc-2d2">
         <name>.text:_xdc_runtime_LoggerBuf_Handle__label__S</name>
         <load_address>0x8cfeb</load_address>
         <run_address>0x8cfeb</run_address>
         <size>0x11</size>
         <input_file_ref idref="fl-13"/>
      </object_component>
      <object_component id="oc-32b">
         <name>.text:_ti_sysbios_BIOS_rtsLock__I</name>
         <load_address>0x8cffc</load_address>
         <run_address>0x8cffc</run_address>
         <size>0x10</size>
         <input_file_ref idref="fl-13"/>
      </object_component>
      <object_component id="oc-3c9">
         <name>.text:_ti_sysbios_family_c28_Hwi_enableIER__E</name>
         <load_address>0x8d00c</load_address>
         <run_address>0x8d00c</run_address>
         <size>0x10</size>
         <input_file_ref idref="fl-13"/>
      </object_component>
      <object_component id="oc-431">
         <name>.text:_ti_sysbios_family_c28_Timer_stop__E</name>
         <load_address>0x8d01c</load_address>
         <run_address>0x8d01c</run_address>
         <size>0x10</size>
         <input_file_ref idref="fl-1f"/>
      </object_component>
      <object_component id="oc-458">
         <name>.text:_ti_sysbios_knl_Task_restoreHwi__E</name>
         <load_address>0x8d02c</load_address>
         <run_address>0x8d02c</run_address>
         <size>0x10</size>
         <input_file_ref idref="fl-1f"/>
      </object_component>
      <object_component id="oc-405">
         <name>.text:_xdc_runtime_SysMin_Module_startup__E</name>
         <load_address>0x8d03c</load_address>
         <run_address>0x8d03c</run_address>
         <size>0x10</size>
         <input_file_ref idref="fl-2f"/>
      </object_component>
      <object_component id="oc-29b">
         <name>.text:_ti_sysbios_BIOS_startFunc__I</name>
         <load_address>0x8d04c</load_address>
         <run_address>0x8d04c</run_address>
         <size>0xf</size>
         <input_file_ref idref="fl-13"/>
      </object_component>
      <object_component id="oc-346">
         <name>.text:_ti_sysbios_gates_GateMutex_Instance_init__E</name>
         <load_address>0x8d05b</load_address>
         <run_address>0x8d05b</run_address>
         <size>0xf</size>
         <input_file_ref idref="fl-1f"/>
      </object_component>
      <object_component id="oc-3de">
         <name>.text:_ti_sysbios_knl_Semaphore_Object__destruct__S</name>
         <load_address>0x8d06a</load_address>
         <run_address>0x8d06a</run_address>
         <size>0xf</size>
         <input_file_ref idref="fl-13"/>
      </object_component>
      <object_component id="oc-2cb">
         <name>.text:_xdc_runtime_LoggerBuf_write2__E</name>
         <load_address>0x8d079</load_address>
         <run_address>0x8d079</run_address>
         <size>0xf</size>
         <input_file_ref idref="fl-2b"/>
      </object_component>
      <object_component id="oc-443">
         <name>.text:_xdc_runtime_Registry_findById__E</name>
         <load_address>0x8d088</load_address>
         <run_address>0x8d088</run_address>
         <size>0xf</size>
         <input_file_ref idref="fl-33"/>
      </object_component>
      <object_component id="oc-452">
         <name>.text:_xdc_runtime_Text_visitRope__I</name>
         <load_address>0x8d097</load_address>
         <run_address>0x8d097</run_address>
         <size>0xf</size>
         <input_file_ref idref="fl-13"/>
      </object_component>
      <object_component id="oc-368">
         <name>.text:_ti_sysbios_family_c28_f2837x_TimestampProvider_get64__E</name>
         <load_address>0x8d0a6</load_address>
         <run_address>0x8d0a6</run_address>
         <size>0xe</size>
         <input_file_ref idref="fl-1f"/>
      </object_component>
      <object_component id="oc-40f">
         <name>.text:_ti_sysbios_knl_Queue_Object__destruct__S</name>
         <load_address>0x8d0b4</load_address>
         <run_address>0x8d0b4</run_address>
         <size>0xe</size>
         <input_file_ref idref="fl-13"/>
      </object_component>
      <object_component id="oc-3ec">
         <name>.text:_xdc_runtime_IHeap_alloc</name>
         <load_address>0x8d0c2</load_address>
         <run_address>0x8d0c2</run_address>
         <size>0xe</size>
         <input_file_ref idref="fl-13"/>
      </object_component>
      <object_component id="oc-1d2">
         <name>.text</name>
         <load_address>0x8d0d0</load_address>
         <run_address>0x8d0d0</run_address>
         <size>0xe</size>
         <input_file_ref idref="fl-46"/>
      </object_component>
      <object_component id="oc-2d5">
         <name>.text:_ti_sysbios_BIOS_registerRTSLock__I</name>
         <load_address>0x8d0de</load_address>
         <run_address>0x8d0de</run_address>
         <size>0xd</size>
         <input_file_ref idref="fl-13"/>
      </object_component>
      <object_component id="oc-2da">
         <name>.text:_ti_sysbios_BIOS_removeRTSLock__I</name>
         <load_address>0x8d0eb</load_address>
         <run_address>0x8d0eb</run_address>
         <size>0xd</size>
         <input_file_ref idref="fl-13"/>
      </object_component>
      <object_component id="oc-449">
         <name>.text:_ti_sysbios_family_c28_Hwi_dispatchC__I</name>
         <load_address>0x8d0f8</load_address>
         <run_address>0x8d0f8</run_address>
         <size>0xd</size>
         <input_file_ref idref="fl-1f"/>
      </object_component>
      <object_component id="oc-3cd">
         <name>.text:_ti_sysbios_family_c28_Hwi_restoreIER__E</name>
         <load_address>0x8d105</load_address>
         <run_address>0x8d105</run_address>
         <size>0xd</size>
         <input_file_ref idref="fl-13"/>
      </object_component>
      <object_component id="oc-43c">
         <name>.text:_ti_sysbios_knl_Task_SupportProxy_start__E</name>
         <load_address>0x8d112</load_address>
         <run_address>0x8d112</run_address>
         <size>0xd</size>
         <input_file_ref idref="fl-13"/>
      </object_component>
      <object_component id="oc-43b">
         <name>.text:_ti_sysbios_knl_Task_enter__I</name>
         <load_address>0x8d11f</load_address>
         <run_address>0x8d11f</run_address>
         <size>0xd</size>
         <input_file_ref idref="fl-1f"/>
      </object_component>
      <object_component id="oc-2c9">
         <name>.text:_xdc_runtime_LoggerBuf_write0__E</name>
         <load_address>0x8d12c</load_address>
         <run_address>0x8d12c</run_address>
         <size>0xd</size>
         <input_file_ref idref="fl-2b"/>
      </object_component>
      <object_component id="oc-2ca">
         <name>.text:_xdc_runtime_LoggerBuf_write1__E</name>
         <load_address>0x8d139</load_address>
         <run_address>0x8d139</run_address>
         <size>0xd</size>
         <input_file_ref idref="fl-2b"/>
      </object_component>
      <object_component id="oc-3c1">
         <name>.text:_xdc_runtime_Memory_HeapProxy_alloc__E</name>
         <load_address>0x8d146</load_address>
         <run_address>0x8d146</run_address>
         <size>0xd</size>
         <input_file_ref idref="fl-13"/>
      </object_component>
      <object_component id="oc-3aa">
         <name>.text:_xdc_runtime_System_abort__E</name>
         <load_address>0x8d153</load_address>
         <run_address>0x8d153</run_address>
         <size>0xd</size>
         <input_file_ref idref="fl-2e"/>
      </object_component>
      <object_component id="oc-3bf">
         <name>.text</name>
         <load_address>0x8d160</load_address>
         <run_address>0x8d160</run_address>
         <size>0xd</size>
         <input_file_ref idref="fl-5e"/>
      </object_component>
      <object_component id="oc-29c">
         <name>.text:_ti_sysbios_BIOS_exitFunc__I</name>
         <load_address>0x8d16d</load_address>
         <run_address>0x8d16d</run_address>
         <size>0xc</size>
         <input_file_ref idref="fl-13"/>
      </object_component>
      <object_component id="oc-2ed">
         <name>.text:_ti_sysbios_gates_GateMutex_leave__E</name>
         <load_address>0x8d179</load_address>
         <run_address>0x8d179</run_address>
         <size>0xc</size>
         <input_file_ref idref="fl-1f"/>
      </object_component>
      <object_component id="oc-3d7">
         <name>.text:_ti_sysbios_knl_Queue_put__E</name>
         <load_address>0x8d185</load_address>
         <run_address>0x8d185</run_address>
         <size>0xc</size>
         <input_file_ref idref="fl-1f"/>
      </object_component>
      <object_component id="oc-396">
         <name>.text:_ti_sysbios_knl_Task_enabled__E</name>
         <load_address>0x8d191</load_address>
         <run_address>0x8d191</run_address>
         <size>0xc</size>
         <input_file_ref idref="fl-1f"/>
      </object_component>
      <object_component id="oc-322">
         <name>.text:_xdc_runtime_Error_check__E</name>
         <load_address>0x8d19d</load_address>
         <run_address>0x8d19d</run_address>
         <size>0xc</size>
         <input_file_ref idref="fl-29"/>
      </object_component>
      <object_component id="oc-412">
         <name>.text:_xdc_runtime_System_aprintf__E</name>
         <load_address>0x8d1a9</load_address>
         <run_address>0x8d1a9</run_address>
         <size>0xc</size>
         <input_file_ref idref="fl-13"/>
      </object_component>
      <object_component id="oc-413">
         <name>.text:_xdc_runtime_System_printf__E</name>
         <load_address>0x8d1b5</load_address>
         <run_address>0x8d1b5</run_address>
         <size>0xc</size>
         <input_file_ref idref="fl-13"/>
      </object_component>
      <object_component id="oc-35b">
         <name>.text</name>
         <load_address>0x8d1c1</load_address>
         <run_address>0x8d1c1</run_address>
         <size>0xc</size>
         <input_file_ref idref="fl-54"/>
      </object_component>
      <object_component id="oc-3bd">
         <name>.text</name>
         <load_address>0x8d1cd</load_address>
         <run_address>0x8d1cd</run_address>
         <size>0xc</size>
         <input_file_ref idref="fl-5f"/>
      </object_component>
      <object_component id="oc-451">
         <name>.text:_ti_sysbios_family_c28_Hwi_Module__startupDone__F</name>
         <load_address>0x8d1d9</load_address>
         <run_address>0x8d1d9</run_address>
         <size>0xb</size>
         <input_file_ref idref="fl-13"/>
      </object_component>
      <object_component id="oc-44b">
         <name>.text:_ti_sysbios_family_c28_Timer_Module__startupDone__F</name>
         <load_address>0x8d1e4</load_address>
         <run_address>0x8d1e4</run_address>
         <size>0xb</size>
         <input_file_ref idref="fl-13"/>
      </object_component>
      <object_component id="oc-43e">
         <name>.text:_ti_sysbios_knl_Task_unblock__E</name>
         <load_address>0x8d1ef</load_address>
         <run_address>0x8d1ef</run_address>
         <size>0xb</size>
         <input_file_ref idref="fl-1f"/>
      </object_component>
      <object_component id="oc-323">
         <name>.text:_xdc_runtime_LoggerBuf_Instance_finalize__E</name>
         <load_address>0x8d1fa</load_address>
         <run_address>0x8d1fa</run_address>
         <size>0xb</size>
         <input_file_ref idref="fl-2b"/>
      </object_component>
      <object_component id="oc-2f6">
         <name>.text:_xdc_runtime_Startup_exec__I</name>
[...]
         <value>0x8d1fa</value>
         <object_component_ref idref="oc-323"/>
      </symbol>
      <symbol id="sm-d68">
         <name>_xdc_runtime_LoggerBuf_write4__E</name>
         <value>0x8b64e</value>
         <object_component_ref idref="oc-2cc"/>
      </symbol>
      <symbol id="sm-d69">
         <name>_xdc_runtime_LoggerBuf_getFilterLevel__E</name>
         <value>0x8c350</value>
         <object_component_ref idref="oc-2cf"/>
      </symbol>
      <symbol id="sm-d6a">
         <name>_xdc_runtime_LoggerBuf_disable__E</name>
         <value>0x8d3a5</value>
         <object_component_ref idref="oc-2c8"/>
      </symbol>
      <symbol id="sm-d6b">
         <name>_xdc_runtime_LoggerBuf_setFilterLevel__E</name>
         <value>0x8c38d</value>
         <object_component_ref idref="oc-2ce"/>
      </symbol>
      <symbol id="sm-d6c">
         <name>_xdc_runtime_LoggerBuf_write8__E</name>
         <value>0x8ad8a</value>
         <object_component_ref idref="oc-2cd"/>
      </symbol>
      <symbol id="sm-d6d">
         <name>_xdc_runtime_LoggerBuf_write2__E</name>
         <value>0x8d079</value>
         <object_component_ref idref="oc-2cb"/>
      </symbol>
      <symbol id="sm-d6e">
         <name>_LoggerBuf_instanceStartup</name>
         <value>0x8cda8</value>
         <object_component_ref idref="oc-36b"/>
      </symbol>
      <symbol id="sm-d6f">
         <name>_xdc_runtime_LoggerBuf_filterOutEvent__I</name>
         <value>0x8c9c1</value>
         <object_component_ref idref="oc-317"/>
      </symbol>
      <symbol id="sm-d70">
         <name>_xdc_runtime_LoggerBuf_write1__E</name>
         <value>0x8d139</value>
         <object_component_ref idref="oc-2ca"/>
      </symbol>
      <symbol id="sm-d71">
         <name>_xdc_runtime_LoggerBuf_enable__E</name>
         <value>0x8d373</value>
         <object_component_ref idref="oc-2c7"/>
      </symbol>
      <symbol id="sm-d8d">
         <name>_xdc_runtime_Memory_calloc__E</name>
         <value>0x8d2c8</value>
         <object_component_ref idref="oc-35a"/>
      </symbol>
      <symbol id="sm-d8e">
         <name>_xdc_runtime_Memory_free__E</name>
         <value>0x8d245</value>
         <object_component_ref idref="oc-35c"/>
      </symbol>
      <symbol id="sm-d8f">
         <name>_xdc_runtime_Memory_valloc__E</name>
         <value>0x8ce90</value>
         <object_component_ref idref="oc-3b4"/>
      </symbol>
      <symbol id="sm-d90">
         <name>_xdc_runtime_Memory_alloc__E</name>
         <value>0x8bfbf</value>
         <object_component_ref idref="oc-36a"/>
      </symbol>
      <symbol id="sm-d91">
         <name>_xdc_runtime_Memory_getMaxDefaultTypeAlign__E</name>
         <value>0x8d3bb</value>
         <object_component_ref idref="oc-3c0"/>
      </symbol>
      <symbol id="sm-db2">
         <name>_xdc_runtime_Startup_startMods__I</name>
         <value>0x8ba6d</value>
         <object_component_ref idref="oc-3b0"/>
      </symbol>
      <symbol id="sm-db3">
         <name>_xdc_runtime_Startup_exec__E</name>
         <value>0x8c5a9</value>
         <object_component_ref idref="oc-291"/>
      </symbol>
      <symbol id="sm-e38">
         <name>_xdc_runtime_System_formatNum__I</name>
         <value>0x8c258</value>
         <object_component_ref idref="oc-455"/>
      </symbol>
      <symbol id="sm-e39">
         <name>_xdc_runtime_System_exit__E</name>
         <value>0x8d21b</value>
         <object_component_ref idref="oc-293"/>
      </symbol>
      <symbol id="sm-e3a">
         <name>_xdc_runtime_System_exitStd__E</name>
         <value>0x8d3f5</value>
         <object_component_ref idref="oc-2f9"/>
      </symbol>
      <symbol id="sm-e3b">
         <name>_xdc_runtime_System_printf_va__F</name>
         <value>0x8cd2d</value>
         <object_component_ref idref="oc-42c"/>
      </symbol>
      <symbol id="sm-e3c">
         <name>_xdc_runtime_System_atexit__E</name>
         <value>0x8c9e2</value>
         <object_component_ref idref="oc-2d4"/>
      </symbol>
      <symbol id="sm-e3d">
         <name>_xdc_runtime_System_abortStd__E</name>
         <value>0x8d3f2</value>
         <object_component_ref idref="oc-3fa"/>
      </symbol>
      <symbol id="sm-e3e">
         <name>_xdc_runtime_System_putchar__I</name>
         <value>0x8cc7d</value>
         <object_component_ref idref="oc-456"/>
      </symbol>
      <symbol id="sm-e3f">
         <name>_xdc_runtime_System_snprintf_va__F</name>
         <value>0x8d24f</value>
         <object_component_ref idref="oc-446"/>
      </symbol>
      <symbol id="sm-e40">
         <name>_xdc_runtime_System_Module_startup__E</name>
         <value>0x8d3ec</value>
         <object_component_ref idref="oc-404"/>
      </symbol>
      <symbol id="sm-e41">
         <name>_xdc_runtime_System_avprintf__E</name>
         <value>0x8cc63</value>
         <object_component_ref idref="oc-42b"/>
      </symbol>
      <symbol id="sm-e42">
         <name>_xdc_runtime_System_vprintf__E</name>
         <value>0x8cd2d</value>
         <object_component_ref idref="oc-42c"/>
      </symbol>
      <symbol id="sm-e43">
         <name>_xdc_runtime_System_aprintf_va__F</name>
         <value>0x8cc63</value>
         <object_component_ref idref="oc-42b"/>
      </symbol>
      <symbol id="sm-e44">
         <name>_xdc_runtime_System_doPrint__I</name>
         <value>0x89925</value>
         <object_component_ref idref="oc-448"/>
      </symbol>
      <symbol id="sm-e45">
         <name>_xdc_runtime_System_processAtExit__E</name>
         <value>0x8c8ef</value>
         <object_component_ref idref="oc-2aa"/>
      </symbol>
      <symbol id="sm-e46">
         <name>_xdc_runtime_System_vsnprintf__E</name>
         <value>0x8d24f</value>
         <object_component_ref idref="oc-446"/>
      </symbol>
      <symbol id="sm-e47">
         <name>_xdc_runtime_System_abort__E</name>
         <value>0x8d153</value>
         <object_component_ref idref="oc-3aa"/>
      </symbol>
      <symbol id="sm-e67">
         <name>_xdc_runtime_SysMin_abort__E</name>
         <value>0x8ced3</value>
         <object_component_ref idref="oc-3f9"/>
      </symbol>
      <symbol id="sm-e68">
         <name>_xdc_runtime_SysMin_ready__E</name>
         <value>0x8d2d0</value>
         <object_component_ref idref="oc-453"/>
      </symbol>
      <symbol id="sm-e69">
         <name>_xdc_runtime_SysMin_flush__E</name>
         <value>0x8c828</value>
         <object_component_ref idref="oc-3b3"/>
      </symbol>
      <symbol id="sm-e6a">
         <name>_xdc_runtime_SysMin_Module_startup__E</name>
         <value>0x8d03c</value>
         <object_component_ref idref="oc-405"/>
      </symbol>
      <symbol id="sm-e6b">
         <name>_xdc_runtime_SysMin_putch__E</name>
         <value>0x8cac0</value>
         <object_component_ref idref="oc-402"/>
      </symbol>
      <symbol id="sm-e6c">
         <name>_xdc_runtime_SysMin_exit__E</name>
         <value>0x8d210</value>
         <object_component_ref idref="oc-351"/>
      </symbol>
      <symbol id="sm-eb3">
         <name>_xdc_runtime_Text_putLab__E</name>
         <value>0x8c067</value>
         <object_component_ref idref="oc-464"/>
      </symbol>
      <symbol id="sm-eb4">
         <name>_xdc_runtime_Text_printVisFxn__I</name>
         <value>0x8cd46</value>
         <object_component_ref idref="oc-445"/>
      </symbol>
      <symbol id="sm-eb5">
         <name>_xdc_runtime_Text_putMod__E</name>
         <value>0x8c2d5</value>
         <object_component_ref idref="oc-429"/>
      </symbol>
      <symbol id="sm-eb6">
         <name>_xdc_runtime_Text_cordText__E</name>
         <value>0x8cf4b</value>
         <object_component_ref idref="oc-35d"/>
      </symbol>
      <symbol id="sm-eb7">
         <name>_xdc_runtime_Text_xprintf__I</name>
         <value>0x8c851</value>
         <object_component_ref idref="oc-42a"/>
      </symbol>
      <symbol id="sm-eb8">
         <name>_xdc_runtime_Text_visitRope2__I</name>
         <value>0x8c577</value>
         <object_component_ref idref="oc-45d"/>
      </symbol>
      <symbol id="sm-eb9">
         <name>_xdc_runtime_Text_ropeText__E</name>
         <value>0x8d259</value>
         <object_component_ref idref="oc-362"/>
      </symbol>
      <symbol id="sm-eba">
         <name>_xdc_runtime_Text_putSite__E</name>
         <value>0x8bc3e</value>
         <object_component_ref idref="oc-411"/>
      </symbol>
      <symbol id="sm-ec7">
         <name>___xdc__init</name>
         <value>0x8d3c2</value>
         <object_component_ref idref="oc-294"/>
      </symbol>
      <symbol id="sm-ee9">
         <name>_xdc_runtime_Registry_findById__E</name>
         <value>0x8d088</value>
         <object_component_ref idref="oc-443"/>
      </symbol>
      <symbol id="sm-f03">
         <name>_c_int00</name>
         <value>0x8bdeb</value>
         <object_component_ref idref="oc-84"/>
      </symbol>
      <symbol id="sm-f04">
         <name>__stack</name>
         <value>0x8000</value>
         <object_component_ref idref="oc-1af"/>
      </symbol>
      <symbol id="sm-f1c">
         <name>_ti_catalog_c2800_initF2837x_Boot_initFlash</name>
         <value>0xb000</value>
         <object_component_ref idref="oc-3ae"/>
      </symbol>
      <symbol id="sm-f1d">
         <name>_ti_catalog_c2800_initF2837x_Boot_defaultLimpAbortFunction</name>
         <value>0x8b52b</value>
         <object_component_ref idref="oc-3ab"/>
      </symbol>
      <symbol id="sm-f1e">
         <name>_ti_catalog_c2800_initF2837x_Boot_configurePllDivs</name>
         <value>0x8c18e</value>
         <object_component_ref idref="oc-2f3"/>
      </symbol>
      <symbol id="sm-f1f">
         <name>_ti_catalog_c2800_initF2837x_Boot_initSharedRAMs</name>
         <value>0x8d290</value>
         <object_component_ref idref="oc-2f4"/>
      </symbol>
      <symbol id="sm-f3a">
         <name>FD$$ADD</name>
         <value>0x8b3f4</value>
         <object_component_ref idref="oc-1b9"/>
      </symbol>
      <symbol id="sm-f4a">
         <name>FD$$CMP</name>
         <value>0x8c7d4</value>
         <object_component_ref idref="oc-1be"/>
      </symbol>
      <symbol id="sm-f61">
         <name>FD$$DIV</name>
         <value>0x8b6d9</value>
         <object_component_ref idref="oc-1c3"/>
      </symbol>
      <symbol id="sm-f73">
         <name>FD$$MPY</name>
         <value>0x8b7ec</value>
         <object_component_ref idref="oc-1c8"/>
      </symbol>
      <symbol id="sm-f80">
         <name>FD$$NEG</name>
         <value>0x8d287</value>
         <object_component_ref idref="oc-1cd"/>
      </symbol>
      <symbol id="sm-f8c">
         <name>FD$$SUB</name>
         <value>0x8d0d0</value>
         <object_component_ref idref="oc-1d2"/>
      </symbol>
      <symbol id="sm-f9b">
         <name>FD$$TOL</name>
         <value>0x8caa1</value>
         <object_component_ref idref="oc-1d7"/>
      </symbol>
      <symbol id="sm-fac">
         <name>FS$$DIV</name>
         <value>0x8b764</value>
         <object_component_ref idref="oc-1dc"/>
      </symbol>
      <symbol id="sm-fd8">
         <name>ULL$$MOD</name>
         <value>0x8a981</value>
         <object_component_ref idref="oc-1e1"/>
      </symbol>
      <symbol id="sm-fd9">
         <name>ULL$$DIV</name>
         <value>0x8a952</value>
         <object_component_ref idref="oc-1e1"/>
      </symbol>
      <symbol id="sm-fda">
         <name>LL$$MOD</name>
         <value>0x8a918</value>
         <object_component_ref idref="oc-1e1"/>
      </symbol>
      <symbol id="sm-fdb">
         <name>LL$$DIV</name>
         <value>0x8a8dc</value>
         <object_component_ref idref="oc-1e1"/>
      </symbol>
      <symbol id="sm-fe9">
         <name>I$$MOD</name>
         <value>0x8c98f</value>
         <object_component_ref idref="oc-1e6"/>
      </symbol>
      <symbol id="sm-fea">
         <name>I$$DIV</name>
         <value>0x8c97e</value>
         <object_component_ref idref="oc-1e6"/>
      </symbol>
      <symbol id="sm-ff6">
         <name>U$$MOD</name>
         <value>0x8d22b</value>
         <object_component_ref idref="oc-1eb"/>
      </symbol>
      <symbol id="sm-ff7">
         <name>U$$DIV</name>
         <value>0x8d226</value>
         <object_component_ref idref="oc-1eb"/>
      </symbol>
      <symbol id="sm-1003">
         <name>UL$$MOD</name>
         <value>0x8c822</value>
         <object_component_ref idref="oc-1f0"/>
      </symbol>
      <symbol id="sm-1004">
         <name>L$$MOD</name>
         <value>0x8c80d</value>
         <object_component_ref idref="oc-1f0"/>
      </symbol>
      <symbol id="sm-1005">
         <name>L$$DIV</name>
         <value>0x8c7fe</value>
         <object_component_ref idref="oc-1f0"/>
      </symbol>
      <symbol id="sm-1006">
         <name>UL$$DIV</name>
         <value>0x8c81b</value>
         <object_component_ref idref="oc-1f0"/>
      </symbol>
      <symbol id="sm-1016">
         <name>FS$$TOFD</name>
         <value>0x8cb70</value>
         <object_component_ref idref="oc-1f5"/>
      </symbol>
      <symbol id="sm-1026">
         <name>FD$$TOFS</name>
         <value>0x8c95b</value>
         <object_component_ref idref="oc-1fa"/>
      </symbol>
      <symbol id="sm-1035">
         <name>_copy_in</name>
         <value>0x8c913</value>
         <object_component_ref idref="oc-290"/>
      </symbol>
      <symbol id="sm-1046">
         <name>_memcpy</name>
         <value>0x8cafc</value>
         <object_component_ref idref="oc-2a6"/>
      </symbol>
      <symbol id="sm-105a">
         <name>C$$EXIT</name>
         <value>0x8c87a</value>
         <object_component_ref idref="oc-352"/>
      </symbol>
      <symbol id="sm-105b">
         <name>_exit</name>
         <value>0x8c87c</value>
         <object_component_ref idref="oc-352"/>
      </symbol>
      <symbol id="sm-105c">
         <name>___TI_cleanup_ptr</name>
         <value>0xef3a</value>
         <object_component_ref idref="oc-20b"/>
      </symbol>
      <symbol id="sm-105d">
         <name>___TI_enable_exit_profile_output</name>
         <value>0xef38</value>
         <object_component_ref idref="oc-20b"/>
      </symbol>
      <symbol id="sm-105e">
         <name>_abort</name>
         <value>0x8c87a</value>
         <object_component_ref idref="oc-352"/>
      </symbol>
      <symbol id="sm-105f">
         <name>___TI_dtors_ptr</name>
         <value>0xef3c</value>
         <object_component_ref idref="oc-20b"/>
      </symbol>
      <symbol id="sm-1073">
         <name>__unlock</name>
         <value>0x10058</value>
         <object_component_ref idref="oc-36d"/>
      </symbol>
      <symbol id="sm-1074">
         <name>__lock</name>
         <value>0xef3e</value>
         <object_component_ref idref="oc-36e"/>
      </symbol>
      <symbol id="sm-1075">
         <name>__register_lock</name>
         <value>0x8d282</value>
         <object_component_ref idref="oc-326"/>
      </symbol>
      <symbol id="sm-1076">
         <name>__nop</name>
         <value>0x8d286</value>
         <object_component_ref idref="oc-326"/>
      </symbol>
      <symbol id="sm-1077">
         <name>__register_unlock</name>
         <value>0x8d27e</value>
         <object_component_ref idref="oc-326"/>
      </symbol>
      <symbol id="sm-1086">
         <name>__args_main</name>
         <value>0x8cd5f</value>
         <object_component_ref idref="oc-292"/>
      </symbol>
      <symbol id="sm-1094">
         <name>_memset</name>
         <value>0x8d1c1</value>
         <object_component_ref idref="oc-35b"/>
      </symbol>
      <symbol id="sm-10aa">
         <name>_strlen</name>
         <value>0x8d2d8</value>
         <object_component_ref idref="oc-310"/>
      </symbol>
      <symbol id="sm-10b7">
         <name>_HOSTwrite</name>
         <value>0x8c43b</value>
         <object_component_ref idref="oc-40d"/>
      </symbol>
      <symbol id="sm-10d0">
         <name>___TI_readmsg</name>
         <value>0x8b584</value>
         <object_component_ref idref="oc-428"/>
      </symbol>
      <symbol id="sm-10d1">
         <name>C$$IO$$</name>
         <value>0x8b57f</value>
         <object_component_ref idref="oc-428"/>
      </symbol>
      <symbol id="sm-10d2">
         <name>__CIOBUF_</name>
         <value>0x8c00</value>
         <object_component_ref idref="oc-22f"/>
      </symbol>
      <symbol id="sm-10d3">
         <name>___TI_writemsg</name>
         <value>0x8b52c</value>
         <object_component_ref idref="oc-428"/>
      </symbol>
      <symbol id="sm-10e1">
         <name>_vsprintf</name>
         <value>0x8c63b</value>
         <object_component_ref idref="oc-30f"/>
      </symbol>
      <symbol id="sm-120d">
         <name>___TI_printfi</name>
         <value>0x88ae2</value>
         <object_component_ref idref="oc-367"/>
      </symbol>
      <symbol id="sm-1221">
         <name>_atoi</name>
         <value>0x8c5da</value>
         <object_component_ref idref="oc-3b9"/>
      </symbol>
      <symbol id="sm-1229">
         <name>__ctypes_</name>
         <value>0x83926</value>
         <object_component_ref idref="oc-3ea"/>
      </symbol>
      <symbol id="sm-1237">
         <name>_ltoa</name>
         <value>0x8c6f5</value>
         <object_component_ref idref="oc-3ba"/>
      </symbol>
      <symbol id="sm-1246">
         <name>_memccpy</name>
         <value>0x8d160</value>
         <object_component_ref idref="oc-3bf"/>
      </symbol>
      <symbol id="sm-1255">
         <name>_strchr</name>
         <value>0x8d1cd</value>
         <object_component_ref idref="oc-3bd"/>
      </symbol>
      <symbol id="sm-1262">
         <name>_strcpy</name>
         <value>0x8d3aa</value>
         <object_component_ref idref="oc-3be"/>
      </symbol>
      <symbol id="sm-126e">
         <name>_parmbuf</name>
         <value>0xef30</value>
         <object_component_ref idref="oc-25c"/>
      </symbol>
      <symbol id="sm-1281">
         <name>_frexpl</name>
         <value>0x8bf0e</value>
         <object_component_ref idref="oc-3bb"/>
      </symbol>
      <symbol id="sm-129e">
         <name>_scalbnl</name>
         <value>0x8afdf</value>
         <object_component_ref idref="oc-3bc"/>
      </symbol>
      <symbol id="sm-129f">
         <name>_ldexpl</name>
         <value>0x8afdf</value>
         <object_component_ref idref="oc-3bc"/>
      </symbol>
      <symbol id="sm-12ae">
         <name>FD$$TOI</name>
         <value>0x8ca03</value>
         <object_component_ref idref="oc-26d"/>
      </symbol>
      <symbol id="sm-12ba">
         <name>LL$$AND</name>
         <value>0x8cdc0</value>
         <object_component_ref idref="oc-272"/>
      </symbol>
      <symbol id="sm-12bb">
         <name>LL$$OR</name>
         <value>0x8cdc8</value>
         <object_component_ref idref="oc-272"/>
      </symbol>
      <symbol id="sm-12bc">
         <name>LL$$XOR</name>
         <value>0x8cdd0</value>
         <object_component_ref idref="oc-272"/>
      </symbol>
      <symbol id="sm-12ca">
         <name>ULL$$CMP</name>
         <value>0x8caf0</value>
         <object_component_ref idref="oc-277"/>
      </symbol>
      <symbol id="sm-12cb">
         <name>LL$$CMP</name>
         <value>0x8cade</value>
         <object_component_ref idref="oc-277"/>
      </symbol>
      <symbol id="sm-12db">
         <name>I$$TOFD</name>
         <value>0x8cb37</value>
         <object_component_ref idref="oc-27c"/>
      </symbol>
      <symbol id="sm-12eb">
         <name>L$$TOFD</name>
         <value>0x8cb8c</value>
         <object_component_ref idref="oc-281"/>
      </symbol>
      <symbol id="sm-12f5">
         <name>_errno</name>
         <value>0x10043</value>
         <object_component_ref idref="oc-288"/>
      </symbol>
      <symbol id="sm-1302">
         <name>_copysignl</name>
         <value>0x8c937</value>
         <object_component_ref idref="oc-3eb"/>
      </symbol>
   </symbol_table>
   <title>Link successful</title>
</link_info>
